---
source: crates/pcb-zen/tests/interface_templates_snapshot.rs
assertion_line: 253
expression: snapshot_output
---
(export (version "E")
  (design
    (source "unknown")
    (date "")
    (tool "pcb"))
  (components
    (comp (ref "R1")
      (value "resistor")
      (footprint "stdlib_kicad-footprints_Resistor_SMD:R_0402_1005Metric")
      (libsource (lib "lib") (part "resistor") (description "unknown"))
      (sheetpath (names "CONTROL_LOAD.R") (tstamps "8c8c11fe-ed81-5a3a-8b06-6f5cea90a167"))
      (tstamps "8c8c11fe-ed81-5a3a-8b06-6f5cea90a167")
      (property (name "Reference") (value "R1"))
      (property (name "description") (value "1k"))
      (property (name "package") (value "0402"))
      (property (name "resistance") (value "1k"))
      (property (name "value") (value "1k"))
    )
    (comp (ref "R2")
      (value "resistor")
      (footprint "stdlib_kicad-footprints_Resistor_SMD:R_0402_1005Metric")
      (libsource (lib "lib") (part "resistor") (description "unknown"))
      (sheetpath (names "POWER_LOAD.R") (tstamps "74616da7-548b-5c17-b8e8-f3866a20d87a"))
      (tstamps "74616da7-548b-5c17-b8e8-f3866a20d87a")
      (property (name "Reference") (value "R2"))
      (property (name "description") (value "1k"))
      (property (name "package") (value "0402"))
      (property (name "resistance") (value "1k"))
      (property (name "value") (value "1k"))
    )
    (comp (ref "R3")
      (value "resistor")
      (footprint "stdlib_kicad-footprints_Resistor_SMD:R_0402_1005Metric")
      (libsource (lib "lib") (part "resistor") (description "unknown"))
      (sheetpath (names "SIGNAL_LOAD.R") (tstamps "ca90eea0-c789-57d3-83f3-fb6f7a105b3d"))
      (tstamps "ca90eea0-c789-57d3-83f3-fb6f7a105b3d")
      (property (name "Reference") (value "R3"))
      (property (name "description") (value "1k"))
      (property (name "package") (value "0402"))
      (property (name "resistance") (value "1k"))
      (property (name "value") (value "1k"))
    )
  )
  (libparts
    (libpart (lib "lib") (part "?")
      (description "")
      (docs "~")
      (footprints
        (fp "*"))
      (pins
        (pin (num "1") (name "1") (type "stereo"))
        (pin (num "2") (name "2") (type "stereo"))
      )
    )
  )
  (nets
    (net (code "1") (name "CHIP_VDD")
      (node (ref "R2") (pin "1") (pintype "stereo"))
    )
    (net (code "2") (name "CHIP_VSS")
      (node (ref "R2") (pin "2") (pintype "stereo"))
      (node (ref "R3") (pin "2") (pintype "stereo"))
    )
    (net (code "3") (name "CHIP_control_EN")
      (node (ref "R1") (pin "1") (pintype "stereo"))
    )
    (net (code "4") (name "CHIP_control_RST")
      (node (ref "R1") (pin "2") (pintype "stereo"))
    )
    (net (code "5") (name "CHIP_signal")
      (node (ref "R3") (pin "1") (pintype "stereo"))
    )
  )
)
