---
source: crates/pcb-zen/tests/interface_templates_snapshot.rs
assertion_line: 141
expression: snapshot_output
---
(export (version "E")
  (design
    (source "unknown")
    (date "")
    (tool "pcb"))
  (components
    (comp (ref "R1")
      (value "resistor")
      (footprint "stdlib_kicad-footprints_Resistor_SMD:R_0402_1005Metric")
      (libsource (lib "lib") (part "resistor") (description "unknown"))
      (sheetpath (names "DN_LOAD.R") (tstamps "fe5583e8-08cf-5337-8dfb-3ed9c203ca21"))
      (tstamps "fe5583e8-08cf-5337-8dfb-3ed9c203ca21")
      (property (name "Reference") (value "R1"))
      (property (name "description") (value "1k"))
      (property (name "package") (value "0402"))
      (property (name "resistance") (value "1k"))
      (property (name "value") (value "1k"))
    )
    (comp (ref "R2")
      (value "resistor")
      (footprint "stdlib_kicad-footprints_Resistor_SMD:R_0402_1005Metric")
      (libsource (lib "lib") (part "resistor") (description "unknown"))
      (sheetpath (names "DP_LOAD.R") (tstamps "34310a45-4467-59e1-975f-ed3af0c5ceff"))
      (tstamps "34310a45-4467-59e1-975f-ed3af0c5ceff")
      (property (name "Reference") (value "R2"))
      (property (name "description") (value "1k"))
      (property (name "package") (value "0402"))
      (property (name "resistance") (value "1k"))
      (property (name "value") (value "1k"))
    )
    (comp (ref "R3")
      (value "resistor")
      (footprint "stdlib_kicad-footprints_Resistor_SMD:R_0402_1005Metric")
      (libsource (lib "lib") (part "resistor") (description "unknown"))
      (sheetpath (names "VBUS_LOAD.R") (tstamps "a0737f05-67a2-5a64-8e5b-85b77fd9dc05"))
      (tstamps "a0737f05-67a2-5a64-8e5b-85b77fd9dc05")
      (property (name "Reference") (value "R3"))
      (property (name "description") (value "1k"))
      (property (name "package") (value "0402"))
      (property (name "resistance") (value "1k"))
      (property (name "value") (value "1k"))
    )
  )
  (libparts
    (libpart (lib "lib") (part "?")
      (description "")
      (docs "~")
      (footprints
        (fp "*"))
      (pins
        (pin (num "1") (name "1") (type "stereo"))
        (pin (num "2") (name "2") (type "stereo"))
      )
    )
  )
  (nets
    (net (code "1") (name "PORT1_D+")
      (node (ref "R2") (pin "1") (pintype "stereo"))
    )
    (net (code "2") (name "PORT1_D-")
      (node (ref "R1") (pin "1") (pintype "stereo"))
    )
    (net (code "3") (name "PORT1_power_GND")
      (node (ref "R1") (pin "2") (pintype "stereo"))
      (node (ref "R2") (pin "2") (pintype "stereo"))
      (node (ref "R3") (pin "2") (pintype "stereo"))
    )
    (net (code "4") (name "PORT1_power_VCC")
      (node (ref "R3") (pin "1") (pintype "stereo"))
    )
  )
)
