---
source: crates/pcb-zen/tests/interface_templates_snapshot.rs
assertion_line: 84
expression: snapshot_output
---
(export (version "E")
  (design
    (source "unknown")
    (date "")
    (tool "pcb"))
  (components
    (comp (ref "R1")
      (value "resistor")
      (footprint "stdlib_kicad-footprints_Resistor_SMD:R_0402_1005Metric")
      (libsource (lib "lib") (part "resistor") (description "unknown"))
      (sheetpath (names "MCU_EN.R") (tstamps "0312d8cd-ff85-59d3-bf7b-9b6fd9ad20b7"))
      (tstamps "0312d8cd-ff85-59d3-bf7b-9b6fd9ad20b7")
      (property (name "Reference") (value "R1"))
      (property (name "description") (value "10k"))
      (property (name "package") (value "0402"))
      (property (name "resistance") (value "10k"))
      (property (name "value") (value "10k"))
    )
    (comp (ref "R2")
      (value "resistor")
      (footprint "stdlib_kicad-footprints_Resistor_SMD:R_0402_1005Metric")
      (libsource (lib "lib") (part "resistor") (description "unknown"))
      (sheetpath (names "MCU_PWR.R") (tstamps "118f1834-a1f6-55a9-b324-4140b34c2f2c"))
      (tstamps "118f1834-a1f6-55a9-b324-4140b34c2f2c")
      (property (name "Reference") (value "R2"))
      (property (name "description") (value "1k"))
      (property (name "package") (value "0402"))
      (property (name "resistance") (value "1k"))
      (property (name "value") (value "1k"))
    )
    (comp (ref "R3")
      (value "resistor")
      (footprint "stdlib_kicad-footprints_Resistor_SMD:R_0402_1005Metric")
      (libsource (lib "lib") (part "resistor") (description "unknown"))
      (sheetpath (names "SENSOR_EN.R") (tstamps "3c59b45e-d947-55e3-b0ad-b80cb61a3e69"))
      (tstamps "3c59b45e-d947-55e3-b0ad-b80cb61a3e69")
      (property (name "Reference") (value "R3"))
      (property (name "description") (value "10k"))
      (property (name "package") (value "0402"))
      (property (name "resistance") (value "10k"))
      (property (name "value") (value "10k"))
    )
    (comp (ref "R4")
      (value "resistor")
      (footprint "stdlib_kicad-footprints_Resistor_SMD:R_0402_1005Metric")
      (libsource (lib "lib") (part "resistor") (description "unknown"))
      (sheetpath (names "SENSOR_PWR.R") (tstamps "c20d2294-daff-5ee7-be08-27984e349abe"))
      (tstamps "c20d2294-daff-5ee7-be08-27984e349abe")
      (property (name "Reference") (value "R4"))
      (property (name "description") (value "1k"))
      (property (name "package") (value "0402"))
      (property (name "resistance") (value "1k"))
      (property (name "value") (value "1k"))
    )
  )
  (libparts
    (libpart (lib "lib") (part "?")
      (description "")
      (docs "~")
      (footprints
        (fp "*"))
      (pins
        (pin (num "1") (name "1") (type "stereo"))
        (pin (num "2") (name "2") (type "stereo"))
      )
    )
  )
  (nets
    (net (code "1") (name "MCU_3V3")
      (node (ref "R2") (pin "1") (pintype "stereo"))
    )
    (net (code "2") (name "MCU_EN")
      (node (ref "R1") (pin "1") (pintype "stereo"))
    )
    (net (code "3") (name "MCU_GND")
      (node (ref "R1") (pin "2") (pintype "stereo"))
      (node (ref "R2") (pin "2") (pintype "stereo"))
    )
    (net (code "4") (name "SENSOR_3V3")
      (node (ref "R4") (pin "1") (pintype "stereo"))
    )
    (net (code "5") (name "SENSOR_EN")
      (node (ref "R3") (pin "1") (pintype "stereo"))
    )
    (net (code "6") (name "SENSOR_GND")
      (node (ref "R3") (pin "2") (pintype "stereo"))
      (node (ref "R4") (pin "2") (pintype "stereo"))
    )
  )
)
