---
source: crates/pcb-zen/tests/interface_templates_snapshot.rs
assertion_line: 198
expression: snapshot_output
---
(export (version "E")
  (design
    (source "unknown")
    (date "")
    (tool "pcb"))
  (components
    (comp (ref "R1")
      (value "resistor")
      (footprint "stdlib_kicad-footprints_Resistor_SMD:R_0402_1005Metric")
      (libsource (lib "lib") (part "resistor") (description "unknown"))
      (sheetpath (names "CPU_CLK_DATA.R") (tstamps "d2b6ee05-ffc7-5887-a4ef-716f0fe3ed30"))
      (tstamps "d2b6ee05-ffc7-5887-a4ef-716f0fe3ed30")
      (property (name "Reference") (value "R1"))
      (property (name "description") (value "1k"))
      (property (name "package") (value "0402"))
      (property (name "resistance") (value "1k"))
      (property (name "value") (value "1k"))
    )
    (comp (ref "R2")
      (value "resistor")
      (footprint "stdlib_kicad-footprints_Resistor_SMD:R_0402_1005Metric")
      (libsource (lib "lib") (part "resistor") (description "unknown"))
      (sheetpath (names "CPU_VALID_DATA.R") (tstamps "960f4a99-aa86-5034-8f48-7851f37d541c"))
      (tstamps "960f4a99-aa86-5034-8f48-7851f37d541c")
      (property (name "Reference") (value "R2"))
      (property (name "description") (value "1k"))
      (property (name "package") (value "0402"))
      (property (name "resistance") (value "1k"))
      (property (name "value") (value "1k"))
    )
    (comp (ref "R3")
      (value "resistor")
      (footprint "stdlib_kicad-footprints_Resistor_SMD:R_0402_1005Metric")
      (libsource (lib "lib") (part "resistor") (description "unknown"))
      (sheetpath (names "MEM_CLK_DATA.R") (tstamps "db482739-4d78-53bd-a8a3-d526a5e3aa84"))
      (tstamps "db482739-4d78-53bd-a8a3-d526a5e3aa84")
      (property (name "Reference") (value "R3"))
      (property (name "description") (value "1k"))
      (property (name "package") (value "0402"))
      (property (name "resistance") (value "1k"))
      (property (name "value") (value "1k"))
    )
    (comp (ref "R4")
      (value "resistor")
      (footprint "stdlib_kicad-footprints_Resistor_SMD:R_0402_1005Metric")
      (libsource (lib "lib") (part "resistor") (description "unknown"))
      (sheetpath (names "MEM_VALID_DATA.R") (tstamps "df33fa66-fee0-53a6-a962-54a934cb3e3a"))
      (tstamps "df33fa66-fee0-53a6-a962-54a934cb3e3a")
      (property (name "Reference") (value "R4"))
      (property (name "description") (value "1k"))
      (property (name "package") (value "0402"))
      (property (name "resistance") (value "1k"))
      (property (name "value") (value "1k"))
    )
  )
  (libparts
    (libpart (lib "lib") (part "?")
      (description "")
      (docs "~")
      (footprints
        (fp "*"))
      (pins
        (pin (num "1") (name "1") (type "stereo"))
        (pin (num "2") (name "2") (type "stereo"))
      )
    )
  )
  (nets
    (net (code "1") (name "CPU_CLK")
      (node (ref "R1") (pin "1") (pintype "stereo"))
    )
    (net (code "2") (name "CPU_DATA")
      (node (ref "R1") (pin "2") (pintype "stereo"))
      (node (ref "R2") (pin "2") (pintype "stereo"))
    )
    (net (code "3") (name "CPU_VALID")
      (node (ref "R2") (pin "1") (pintype "stereo"))
    )
    (net (code "4") (name "MEM_CLK")
      (node (ref "R3") (pin "1") (pintype "stereo"))
    )
    (net (code "5") (name "MEM_DATA")
      (node (ref "R3") (pin "2") (pintype "stereo"))
      (node (ref "R4") (pin "2") (pintype "stereo"))
    )
    (net (code "6") (name "MEM_VALID")
      (node (ref "R4") (pin "1") (pintype "stereo"))
    )
  )
)
