---
source: crates/pcb-zen/tests/net.rs
assertion_line: 84
expression: snapshot_output
---
(export (version "E")
  (design
    (source "unknown")
    (date "")
    (tool "pcb"))
  (components
    (comp (ref "R1")
      (value "TEST")
      (footprint "stdlib_kicad-footprints_Resistor_SMD:R_0402_1005Metric")
      (libsource (lib "lib") (part "TEST") (description "unknown"))
      (sheetpath (names "Regulator.R1") (tstamps "a879d39a-b8a0-5473-a37a-6f7cfddd2790"))
      (tstamps "a879d39a-b8a0-5473-a37a-6f7cfddd2790")
      (property (name "Reference") (value "R1"))
      (property (name "manufacturer") (value "TEST"))
      (property (name "part") (value "{\"manufacturer\":\"TEST\",\"mpn\":\"TEST\",\"qualifications\":[]}"))
    )
    (comp (ref "R2")
      (value "TEST")
      (footprint "stdlib_kicad-footprints_Resistor_SMD:R_0402_1005Metric")
      (libsource (lib "lib") (part "TEST") (description "unknown"))
      (sheetpath (names "Regulator.R2") (tstamps "f9a06d42-9647-5330-b3dc-fe00b973cbd6"))
      (tstamps "f9a06d42-9647-5330-b3dc-fe00b973cbd6")
      (property (name "Reference") (value "R2"))
      (property (name "manufacturer") (value "TEST"))
      (property (name "part") (value "{\"manufacturer\":\"TEST\",\"mpn\":\"TEST\",\"qualifications\":[]}"))
    )
  )
  (libparts
    (libpart (lib "lib") (part "TEST")
      (description "")
      (docs "~")
      (footprints
        (fp "*"))
      (pins
        (pin (num "1") (name "P1") (type "stereo"))
        (pin (num "2") (name "P2") (type "stereo"))
      )
    )
  )
  (nets
    (net (code "1") (name "GND")
      (node (ref "R1") (pin "2") (pintype "stereo"))
      (node (ref "R2") (pin "2") (pintype "stereo"))
    )
    (net (code "2") (name "Regulator.INTERNAL")
      (node (ref "R2") (pin "1") (pintype "stereo"))
    )
    (net (code "3") (name "VIN")
      (node (ref "R1") (pin "1") (pintype "stereo"))
    )
  )
)
