---
source: crates/pcb-zen-core/tests/test.rs
assertion_line: 141
expression: output
---
Warning: test.zen:17:1-22:2 Duplicate child name 'R1': a component with this name already exists.
{
    <root>: Module {
        path: <root>,
        source: "test.zen",
        children: [
            FrozenValue(
                Component {
                    name: "R1",
                    footprint: "package://stdlib/kicad-footprints/Resistor_SMD.pretty/R_0402_1005Metric.kicad_mod",
                    prefix: "U",
                    connections: {
                        "1": FrozenValue(
                            Net {
                                name: "VCC",
                                id: "<ID>",
                            },
                        ),
                        "2": FrozenValue(
                            Net {
                                name: "GND",
                                id: "<ID>",
                            },
                        ),
                    },
                    symbol: FrozenValue(
                        Symbol {
                            name: None,
                            pins: {
                                "1": "1",
                                "2": "2",
                            },
                        },
                    ),
                },
            ),
            FrozenValue(
                Component {
                    name: "R1",
                    footprint: "package://stdlib/kicad-footprints/Resistor_SMD.pretty/R_0402_1005Metric.kicad_mod",
                    prefix: "U",
                    connections: {
                        "1": FrozenValue(
                            Net {
                                name: "VCC",
                                id: "<ID>",
                            },
                        ),
                        "2": FrozenValue(
                            Net {
                                name: "GND",
                                id: "<ID>",
                            },
                        ),
                    },
                    symbol: FrozenValue(
                        Symbol {
                            name: None,
                            pins: {
                                "1": "1",
                                "2": "2",
                            },
                        },
                    ),
                },
            ),
        ],
    },
}
[]
