---
source: crates/pcbc/tests/info.rs
assertion_line: 294
expression: output
---
Command: pcbc info subdir
Exit Code: 0

--- STDOUT ---
Workspace
Root: <TEMP_DIR>/subdir
Toolchain: pcb >= 0.4

Boards (1)
  TestBoard (unpublished) - boards/test-board/test_board.zen
    Main test board for validation
--- STDERR ---
