---
source: crates/pcbc/tests/info.rs
assertion_line: 84
expression: output
---
Command: pcbc info
Exit Code: 0

--- STDOUT ---
Workspace
Root: <TEMP_DIR>
Toolchain: pcb >= 0.4

Boards (4)
  BrokenBoard (unpublished) - boards/broken-board/broken.zen
  MainBoard (unpublished) - boards/main-board/main_board.zen
  TestBoard (unpublished) - boards/test-board/test_board.zen
    Main test board for validation
  CustomBoard (unpublished) - special/custom-board/custom.zen
    Special custom board with unique features
--- STDERR ---
