---
source: crates/pcbc/tests/info.rs
assertion_line: 323
expression: output
---
Command: pcbc info -f json
Exit Code: 0

--- STDOUT ---
{
  "root": "<TEMP_DIR>",
  "config": {
    "workspace": {
      "pcb-version": "0.4"
    }
  },
  "packages": {
    "boards/discovered": {
      "rel_path": "boards/discovered",
      "config": {
        "board": {
          "name": "DiscoveredBoard",
          "path": "discovered.zen",
          "description": "Board with auto-discovered zen file"
        }
      },
      "preferred": false,
      "dirty": true,
      "entrypoints": [
        "discovered.zen"
      ]
    }
  }
}
--- STDERR ---
