---
source: crates/pcb-layout/tests/layout_generation.rs
assertion_line: 94
expression: content
---
{
  "footprints": [
    {
      "dnp": false,
      "exclude_from_bom": false,
      "exclude_from_pos_files": false,
      "footprint": "workspace_Package_DFN_QFN:QFN-16-1EP_3x3mm_P0.5mm_EP1.7x1.7mm_ThermalVias",
      "graphical_items": [],
      "group": null,
      "layer": "F.Cu",
      "locked": false,
      "orientation": 0.0,
      "pads": [
        {
          "layer": "F.Cu",
          "name": "1",
          "position": {
            "x": 147000000,
            "y": 103500000
          }
        },
        {
          "layer": "F.Cu",
          "name": "13",
          "position": {
            "x": 147000000,
            "y": 106500000
          }
        },
        {
          "layer": "F.Cu",
          "name": "17",
          "position": {
            "x": 148500000,
            "y": 105000000
          }
        },
        {
          "layer": "F.Cu",
          "name": "5",
          "position": {
            "x": 150000000,
            "y": 103500000
          }
        },
        {
          "layer": "F.Cu",
          "name": "9",
          "position": {
            "x": 150000000,
            "y": 106500000
          }
        }
      ],
      "position": {
        "x": 148500000,
        "y": 105000000
      },
      "reference": "U1",
      "uuid": "d0ec08b3-b130-52fb-8d2e-9202eae44333",
      "value": "?"
    },
    {
      "dnp": false,
      "exclude_from_bom": false,
      "exclude_from_pos_files": false,
      "footprint": "workspace_Package_DFN_QFN:QFN-16-1EP_3x3mm_P0.5mm_EP1.7x1.7mm_ThermalVias",
      "graphical_items": [],
      "group": null,
      "layer": "F.Cu",
      "locked": false,
      "orientation": 0.0,
      "pads": [
        {
          "layer": "F.Cu",
          "name": "1",
          "position": {
            "x": 150250000,
            "y": 103500000
          }
        },
        {
          "layer": "F.Cu",
          "name": "13",
          "position": {
            "x": 150250000,
            "y": 106500000
          }
        },
        {
          "layer": "F.Cu",
          "name": "17",
          "position": {
            "x": 151750000,
            "y": 105000000
          }
        },
        {
          "layer": "F.Cu",
          "name": "5",
          "position": {
            "x": 153250000,
            "y": 103500000
          }
        },
        {
          "layer": "F.Cu",
          "name": "9",
          "position": {
            "x": 153250000,
            "y": 106500000
          }
        }
      ],
      "position": {
        "x": 151750000,
        "y": 105000000
      },
      "reference": "U2",
      "uuid": "25e636dc-06eb-59a5-9b6d-1f30f6215dc3",
      "value": "?"
    }
  ],
  "groups": [],
  "tracks": [],
  "vias": [],
  "zones": []
}
