---
source: crates/pcb-layout/tests/layout_generation.rs
assertion_line: 94
expression: content
---
INFO: Creating new board file at <TEMP_DIR>
INFO: Parsing JSON netlist from <TEMP_DIR>
INFO: --------------------------------------------------------------------------------
INFO: Running step: ImportNetlist
INFO: --------------------------------------------------------------------------------
INFO: Starting ImportNetlist...
INFO: Running lens-based netlist sync
INFO: Starting lens-based layout sync
INFO: Source: 2 footprints, 0 groups, 4 nets
INFO: Changes: +2 -0 footprints
INFO: NEW FPV path=C0 ref=U1 value=? fpid=workspace_Package_DFN_QFN:QFN-16-1EP_3x3mm_P0.5mm_EP1.7x1.7mm_ThermalVias bom=false fields=["Prefix=U"]
INFO: NEW FPV path=C1 ref=U2 value=? fpid=workspace_Package_DFN_QFN:QFN-16-1EP_3x3mm_P0.5mm_EP1.7x1.7mm_ThermalVias bom=false fields=["Prefix=U"]
INFO: NEW FPC path=C0 x=0 y=0 orient=0.0 layer=F.Cu
INFO: NEW FPC path=C1 x=0 y=0 orient=0.0 layer=F.Cu
INFO: CHANGESET FP_ADD path=C0 ref=U1 fpid=workspace_Package_DFN_QFN:QFN-16-1EP_3x3mm_P0.5mm_EP1.7x1.7mm_ThermalVias value=? x=0 y=0 layer=F.Cu
INFO: CHANGESET FP_ADD path=C1 ref=U2 fpid=workspace_Package_DFN_QFN:QFN-16-1EP_3x3mm_P0.5mm_EP1.7x1.7mm_ThermalVias value=? x=0 y=0 layer=F.Cu
INFO: Added footprint: C0
INFO: Added footprint: C1
INFO: HierPlace: placed 2 items
INFO: OPLOG FP_ADD path=C0 ref=U1 fpid=workspace_Package_DFN_QFN:QFN-16-1EP_3x3mm_P0.5mm_EP1.7x1.7mm_ThermalVias value=? x=0 y=0 layer=F.Cu pads=5
INFO: OPLOG FP_ADD path=C1 ref=U2 fpid=workspace_Package_DFN_QFN:QFN-16-1EP_3x3mm_P0.5mm_EP1.7x1.7mm_ThermalVias value=? x=0 y=0 layer=F.Cu pads=5
INFO: OPLOG NET_ADD name=A
INFO: OPLOG NET_ADD name=B
INFO: OPLOG NET_ADD name=IN
INFO: OPLOG NET_ADD name=OUT
INFO: OPLOG PLACE_FP path=C0 x=146875000 y=103200000 w=3250000 h=3600000
INFO: OPLOG PLACE_FP path=C1 x=150125000 y=103200000 w=3250000 h=3600000
INFO: Sync completed in X.XXXs
INFO: Lens sync complete: +2 -0 footprints
INFO: Completed ImportNetlist in X.XXX seconds
INFO: --------------------------------------------------------------------------------
INFO: Running step: FinalizeBoard
INFO: --------------------------------------------------------------------------------
INFO: Starting FinalizeBoard...
INFO: Saved layout snapshot to <TEMP_DIR>
INFO: Snapshot export took X.XXX seconds
INFO: Board saving took X.XXX seconds
INFO: Completed FinalizeBoard in X.XXX seconds
