---
source: crates/pcb-layout/tests/layout_generation.rs
expression: content
---
{
  "footprints": [
    {
      "dnp": false,
      "exclude_from_bom": false,
      "exclude_from_pos_files": false,
      "footprint": "stdlib_kicad-footprints_Resistor_SMD:R_0603_1608Metric",
      "graphical_items": [
        {
          "angle": null,
          "end": null,
          "layer": "B.Fab",
          "position": {
            "x": 150430399,
            "y": 106529325
          },
          "shape": null,
          "start": null,
          "text": "${REFERENCE}",
          "type": "PCB_TEXT",
          "width": null
        },
        {
          "angle": null,
          "end": {
            "x": 148950399,
            "y": 107259325
          },
          "layer": "B.Courtyard",
          "position": {
            "x": 151910399,
            "y": 105799325
          },
          "shape": 1,
          "start": {
            "x": 151910399,
            "y": 105799325
          },
          "text": null,
          "type": "PCB_SHAPE",
          "width": 50000
        },
        {
          "angle": null,
          "end": {
            "x": 149630399,
            "y": 106941825
          },
          "layer": "B.Fab",
          "position": {
            "x": 151230399,
            "y": 106116825
          },
          "shape": 1,
          "start": {
            "x": 151230399,
            "y": 106116825
          },
          "text": null,
          "type": "PCB_SHAPE",
          "width": 100000
        },
        {
          "angle": null,
          "end": {
            "x": 150193141,
            "y": 106006825
          },
          "layer": "B.Silkscreen",
          "position": {
            "x": 150667657,
            "y": 106006825
          },
          "shape": 0,
          "start": {
            "x": 150667657,
            "y": 106006825
          },
          "text": null,
          "type": "PCB_SHAPE",
          "width": 120000
        },
        {
          "angle": null,
          "end": {
            "x": 150193141,
            "y": 107051825
          },
          "layer": "B.Silkscreen",
          "position": {
            "x": 150667657,
            "y": 107051825
          },
          "shape": 0,
          "start": {
            "x": 150667657,
            "y": 107051825
          },
          "text": null,
          "type": "PCB_SHAPE",
          "width": 120000
        }
      ],
      "group": "M1.S2",
      "layer": "B.Cu",
      "locked": false,
      "orientation": 180.0,
      "pads": [
        {
          "layer": "F.Cu",
          "name": "1",
          "position": {
            "x": 151255399,
            "y": 106529325
          }
        },
        {
          "layer": "F.Cu",
          "name": "2",
          "position": {
            "x": 149605399,
            "y": 106529325
          }
        }
      ],
      "position": {
        "x": 150430399,
        "y": 106529325
      },
      "reference": "R3",
      "uuid": "a77a12a1-f17a-57cb-9833-16d4354dd9ac",
      "value": "1k"
    },
    {
      "dnp": false,
      "exclude_from_bom": false,
      "exclude_from_pos_files": false,
      "footprint": "stdlib_kicad-footprints_Resistor_SMD:R_0603_1608Metric",
      "graphical_items": [
        {
          "angle": null,
          "end": null,
          "layer": "B.Fab",
          "position": {
            "x": 150430399,
            "y": 99460675
          },
          "shape": null,
          "start": null,
          "text": "${REFERENCE}",
          "type": "PCB_TEXT",
          "width": null
        },
        {
          "angle": null,
          "end": {
            "x": 148950399,
            "y": 100190675
          },
          "layer": "B.Courtyard",
          "position": {
            "x": 151910399,
            "y": 98730675
          },
          "shape": 1,
          "start": {
            "x": 151910399,
            "y": 98730675
          },
          "text": null,
          "type": "PCB_SHAPE",
          "width": 50000
        },
        {
          "angle": null,
          "end": {
            "x": 149630399,
            "y": 99873175
          },
          "layer": "B.Fab",
          "position": {
            "x": 151230399,
            "y": 99048175
          },
          "shape": 1,
          "start": {
            "x": 151230399,
            "y": 99048175
          },
          "text": null,
          "type": "PCB_SHAPE",
          "width": 100000
        },
        {
          "angle": null,
          "end": {
            "x": 150193141,
            "y": 98938175
          },
          "layer": "B.Silkscreen",
          "position": {
            "x": 150667657,
            "y": 98938175
          },
          "shape": 0,
          "start": {
            "x": 150667657,
            "y": 98938175
          },
          "text": null,
          "type": "PCB_SHAPE",
          "width": 120000
        },
        {
          "angle": null,
          "end": {
            "x": 150193141,
            "y": 99983175
          },
          "layer": "B.Silkscreen",
          "position": {
            "x": 150667657,
            "y": 99983175
          },
          "shape": 0,
          "start": {
            "x": 150667657,
            "y": 99983175
          },
          "text": null,
          "type": "PCB_SHAPE",
          "width": 120000
        }
      ],
      "group": "M2.S2",
      "layer": "B.Cu",
      "locked": false,
      "orientation": 180.0,
      "pads": [
        {
          "layer": "F.Cu",
          "name": "1",
          "position": {
            "x": 151255399,
            "y": 99460675
          }
        },
        {
          "layer": "F.Cu",
          "name": "2",
          "position": {
            "x": 149605399,
            "y": 99460675
          }
        }
      ],
      "position": {
        "x": 150430399,
        "y": 99460675
      },
      "reference": "R7",
      "uuid": "236f4fc1-b492-544a-9953-43695562e82a",
      "value": "1k"
    },
    {
      "dnp": false,
      "exclude_from_bom": false,
      "exclude_from_pos_files": false,
      "footprint": "stdlib_kicad-footprints_Resistor_SMD:R_0603_1608Metric",
      "graphical_items": [
        {
          "angle": null,
          "end": null,
          "layer": "B.Fab",
          "position": {
            "x": 150430400,
            "y": 105019324
          },
          "shape": null,
          "start": null,
          "text": "${REFERENCE}",
          "type": "PCB_TEXT",
          "width": null
        },
        {
          "angle": null,
          "end": {
            "x": 148950400,
            "y": 105749324
          },
          "layer": "B.Courtyard",
          "position": {
            "x": 151910400,
            "y": 104289324
          },
          "shape": 1,
          "start": {
            "x": 151910400,
            "y": 104289324
          },
          "text": null,
          "type": "PCB_SHAPE",
          "width": 50000
        },
        {
          "angle": null,
          "end": {
            "x": 149630400,
            "y": 105431824
          },
          "layer": "B.Fab",
          "position": {
            "x": 151230400,
            "y": 104606824
          },
          "shape": 1,
          "start": {
            "x": 151230400,
            "y": 104606824
          },
          "text": null,
          "type": "PCB_SHAPE",
          "width": 100000
        },
        {
          "angle": null,
          "end": {
            "x": 150193142,
            "y": 104496824
          },
          "layer": "B.Silkscreen",
          "position": {
            "x": 150667658,
            "y": 104496824
          },
          "shape": 0,
          "start": {
            "x": 150667658,
            "y": 104496824
          },
          "text": null,
          "type": "PCB_SHAPE",
          "width": 120000
        },
        {
          "angle": null,
          "end": {
            "x": 150193142,
            "y": 105541824
          },
          "layer": "B.Silkscreen",
          "position": {
            "x": 150667658,
            "y": 105541824
          },
          "shape": 0,
          "start": {
            "x": 150667658,
            "y": 105541824
          },
          "text": null,
          "type": "PCB_SHAPE",
          "width": 120000
        }
      ],
      "group": "M1.S2",
      "layer": "B.Cu",
      "locked": false,
      "orientation": 180.0,
      "pads": [
        {
          "layer": "F.Cu",
          "name": "1",
          "position": {
            "x": 151255400,
            "y": 105019324
          }
        },
        {
          "layer": "F.Cu",
          "name": "2",
          "position": {
            "x": 149605400,
            "y": 105019324
          }
        }
      ],
      "position": {
        "x": 150430400,
        "y": 105019324
      },
      "reference": "R4",
      "uuid": "9f22453f-b778-530d-93c9-41a65ea41bea",
      "value": "1k"
    },
    {
      "dnp": false,
      "exclude_from_bom": false,
      "exclude_from_pos_files": false,
      "footprint": "stdlib_kicad-footprints_Resistor_SMD:R_0603_1608Metric",
      "graphical_items": [
        {
          "angle": null,
          "end": null,
          "layer": "B.Fab",
          "position": {
            "x": 150430400,
            "y": 97950674
          },
          "shape": null,
          "start": null,
          "text": "${REFERENCE}",
          "type": "PCB_TEXT",
          "width": null
        },
        {
          "angle": null,
          "end": {
            "x": 148950400,
            "y": 98680674
          },
          "layer": "B.Courtyard",
          "position": {
            "x": 151910400,
            "y": 97220674
          },
          "shape": 1,
          "start": {
            "x": 151910400,
            "y": 97220674
          },
          "text": null,
          "type": "PCB_SHAPE",
          "width": 50000
        },
        {
          "angle": null,
          "end": {
            "x": 149630400,
            "y": 98363174
          },
          "layer": "B.Fab",
          "position": {
            "x": 151230400,
            "y": 97538174
          },
          "shape": 1,
          "start": {
            "x": 151230400,
            "y": 97538174
          },
          "text": null,
          "type": "PCB_SHAPE",
          "width": 100000
        },
        {
          "angle": null,
          "end": {
            "x": 150193142,
            "y": 97428174
          },
          "layer": "B.Silkscreen",
          "position": {
            "x": 150667658,
            "y": 97428174
          },
          "shape": 0,
          "start": {
            "x": 150667658,
            "y": 97428174
          },
          "text": null,
          "type": "PCB_SHAPE",
          "width": 120000
        },
        {
          "angle": null,
          "end": {
            "x": 150193142,
            "y": 98473174
          },
          "layer": "B.Silkscreen",
          "position": {
            "x": 150667658,
            "y": 98473174
          },
          "shape": 0,
          "start": {
            "x": 150667658,
            "y": 98473174
          },
          "text": null,
          "type": "PCB_SHAPE",
          "width": 120000
        }
      ],
      "group": "M2.S2",
      "layer": "B.Cu",
      "locked": false,
      "orientation": 180.0,
      "pads": [
        {
          "layer": "F.Cu",
          "name": "1",
          "position": {
            "x": 151255400,
            "y": 97950674
          }
        },
        {
          "layer": "F.Cu",
          "name": "2",
          "position": {
            "x": 149605400,
            "y": 97950674
          }
        }
      ],
      "position": {
        "x": 150430400,
        "y": 97950674
      },
      "reference": "R8",
      "uuid": "d212d4ac-49c7-5746-b003-3bef295ba65d",
      "value": "1k"
    },
    {
      "dnp": false,
      "exclude_from_bom": false,
      "exclude_from_pos_files": false,
      "footprint": "stdlib_kicad-footprints_Resistor_SMD:R_0603_1608Metric",
      "graphical_items": [
        {
          "angle": null,
          "end": null,
          "layer": "F.Fab",
          "position": {
            "x": 146569599,
            "y": 104993925
          },
          "shape": null,
          "start": null,
          "text": "${REFERENCE}",
          "type": "PCB_TEXT",
          "width": null
        },
        {
          "angle": null,
          "end": {
            "x": 146806857,
            "y": 104471425
          },
          "layer": "F.Silkscreen",
          "position": {
            "x": 146332341,
            "y": 104471425
          },
          "shape": 0,
          "start": {
            "x": 146332341,
            "y": 104471425
          },
          "text": null,
          "type": "PCB_SHAPE",
          "width": 120000
        },
        {
          "angle": null,
          "end": {
            "x": 146806857,
            "y": 105516425
          },
          "layer": "F.Silkscreen",
          "position": {
            "x": 146332341,
            "y": 105516425
          },
          "shape": 0,
          "start": {
            "x": 146332341,
            "y": 105516425
          },
          "text": null,
          "type": "PCB_SHAPE",
          "width": 120000
        },
        {
          "angle": null,
          "end": {
            "x": 147369599,
            "y": 105406425
          },
          "layer": "F.Fab",
          "position": {
            "x": 145769599,
            "y": 104581425
          },
          "shape": 1,
          "start": {
            "x": 145769599,
            "y": 104581425
          },
          "text": null,
          "type": "PCB_SHAPE",
          "width": 100000
        },
        {
          "angle": null,
          "end": {
            "x": 148049599,
            "y": 105723925
          },
          "layer": "F.Courtyard",
          "position": {
            "x": 145089599,
            "y": 104263925
          },
          "shape": 1,
          "start": {
            "x": 145089599,
            "y": 104263925
          },
          "text": null,
          "type": "PCB_SHAPE",
          "width": 50000
        }
      ],
      "group": "M1.S1",
      "layer": "F.Cu",
      "locked": false,
      "orientation": 0.0,
      "pads": [
        {
          "layer": "F.Cu",
          "name": "1",
          "position": {
            "x": 145744599,
            "y": 104993925
          }
        },
        {
          "layer": "F.Cu",
          "name": "2",
          "position": {
            "x": 147394599,
            "y": 104993925
          }
        }
      ],
      "position": {
        "x": 146569599,
        "y": 104993925
      },
      "reference": "R2",
      "uuid": "ddec4d68-9d73-5132-8c65-3358aededaf4",
      "value": "1k"
    },
    {
      "dnp": false,
      "exclude_from_bom": false,
      "exclude_from_pos_files": false,
      "footprint": "stdlib_kicad-footprints_Resistor_SMD:R_0603_1608Metric",
      "graphical_items": [
        {
          "angle": null,
          "end": null,
          "layer": "F.Fab",
          "position": {
            "x": 146569599,
            "y": 106503925
          },
          "shape": null,
          "start": null,
          "text": "${REFERENCE}",
          "type": "PCB_TEXT",
          "width": null
        },
        {
          "angle": null,
          "end": {
            "x": 146806857,
            "y": 105981425
          },
          "layer": "F.Silkscreen",
          "position": {
            "x": 146332341,
            "y": 105981425
          },
          "shape": 0,
          "start": {
            "x": 146332341,
            "y": 105981425
          },
          "text": null,
          "type": "PCB_SHAPE",
          "width": 120000
        },
        {
          "angle": null,
          "end": {
            "x": 146806857,
            "y": 107026425
          },
          "layer": "F.Silkscreen",
          "position": {
            "x": 146332341,
            "y": 107026425
          },
          "shape": 0,
          "start": {
            "x": 146332341,
            "y": 107026425
          },
          "text": null,
          "type": "PCB_SHAPE",
          "width": 120000
        },
        {
          "angle": null,
          "end": {
            "x": 147369599,
            "y": 106916425
          },
          "layer": "F.Fab",
          "position": {
            "x": 145769599,
            "y": 106091425
          },
          "shape": 1,
          "start": {
            "x": 145769599,
            "y": 106091425
          },
          "text": null,
          "type": "PCB_SHAPE",
          "width": 100000
        },
        {
          "angle": null,
          "end": {
            "x": 148049599,
            "y": 107233925
          },
          "layer": "F.Courtyard",
          "position": {
            "x": 145089599,
            "y": 105773925
          },
          "shape": 1,
          "start": {
            "x": 145089599,
            "y": 105773925
          },
          "text": null,
          "type": "PCB_SHAPE",
          "width": 50000
        }
      ],
      "group": "M1.S1",
      "layer": "F.Cu",
      "locked": false,
      "orientation": 0.0,
      "pads": [
        {
          "layer": "F.Cu",
          "name": "1",
          "position": {
            "x": 145744599,
            "y": 106503925
          }
        },
        {
          "layer": "F.Cu",
          "name": "2",
          "position": {
            "x": 147394599,
            "y": 106503925
          }
        }
      ],
      "position": {
        "x": 146569599,
        "y": 106503925
      },
      "reference": "R1",
      "uuid": "1d146745-5b55-5f19-893d-d0d28a54fd44",
      "value": "1k"
    },
    {
      "dnp": false,
      "exclude_from_bom": false,
      "exclude_from_pos_files": false,
      "footprint": "stdlib_kicad-footprints_Resistor_SMD:R_0603_1608Metric",
      "graphical_items": [
        {
          "angle": null,
          "end": null,
          "layer": "F.Fab",
          "position": {
            "x": 146569599,
            "y": 97925275
          },
          "shape": null,
          "start": null,
          "text": "${REFERENCE}",
          "type": "PCB_TEXT",
          "width": null
        },
        {
          "angle": null,
          "end": {
            "x": 146806857,
            "y": 97402775
          },
          "layer": "F.Silkscreen",
          "position": {
            "x": 146332341,
            "y": 97402775
          },
          "shape": 0,
          "start": {
            "x": 146332341,
            "y": 97402775
          },
          "text": null,
          "type": "PCB_SHAPE",
          "width": 120000
        },
        {
          "angle": null,
          "end": {
            "x": 146806857,
            "y": 98447775
          },
          "layer": "F.Silkscreen",
          "position": {
            "x": 146332341,
            "y": 98447775
          },
          "shape": 0,
          "start": {
            "x": 146332341,
            "y": 98447775
          },
          "text": null,
          "type": "PCB_SHAPE",
          "width": 120000
        },
        {
          "angle": null,
          "end": {
            "x": 147369599,
            "y": 98337775
          },
          "layer": "F.Fab",
          "position": {
            "x": 145769599,
            "y": 97512775
          },
          "shape": 1,
          "start": {
            "x": 145769599,
            "y": 97512775
          },
          "text": null,
          "type": "PCB_SHAPE",
          "width": 100000
        },
        {
          "angle": null,
          "end": {
            "x": 148049599,
            "y": 98655275
          },
          "layer": "F.Courtyard",
          "position": {
            "x": 145089599,
            "y": 97195275
          },
          "shape": 1,
          "start": {
            "x": 145089599,
            "y": 97195275
          },
          "text": null,
          "type": "PCB_SHAPE",
          "width": 50000
        }
      ],
      "group": "M2.S1",
      "layer": "F.Cu",
      "locked": false,
      "orientation": 0.0,
      "pads": [
        {
          "layer": "F.Cu",
          "name": "1",
          "position": {
            "x": 145744599,
            "y": 97925275
          }
        },
        {
          "layer": "F.Cu",
          "name": "2",
          "position": {
            "x": 147394599,
            "y": 97925275
          }
        }
      ],
      "position": {
        "x": 146569599,
        "y": 97925275
      },
      "reference": "R6",
      "uuid": "52e9b52a-8ee8-57b8-aaae-9850e48e7bf4",
      "value": "1k"
    },
    {
      "dnp": false,
      "exclude_from_bom": false,
      "exclude_from_pos_files": false,
      "footprint": "stdlib_kicad-footprints_Resistor_SMD:R_0603_1608Metric",
      "graphical_items": [
        {
          "angle": null,
          "end": null,
          "layer": "F.Fab",
          "position": {
            "x": 146569599,
            "y": 99435275
          },
          "shape": null,
          "start": null,
          "text": "${REFERENCE}",
          "type": "PCB_TEXT",
          "width": null
        },
        {
          "angle": null,
          "end": {
            "x": 146806857,
            "y": 98912775
          },
          "layer": "F.Silkscreen",
          "position": {
            "x": 146332341,
            "y": 98912775
          },
          "shape": 0,
          "start": {
            "x": 146332341,
            "y": 98912775
          },
          "text": null,
          "type": "PCB_SHAPE",
          "width": 120000
        },
        {
          "angle": null,
          "end": {
            "x": 146806857,
            "y": 99957775
          },
          "layer": "F.Silkscreen",
          "position": {
            "x": 146332341,
            "y": 99957775
          },
          "shape": 0,
          "start": {
            "x": 146332341,
            "y": 99957775
          },
          "text": null,
          "type": "PCB_SHAPE",
          "width": 120000
        },
        {
          "angle": null,
          "end": {
            "x": 147369599,
            "y": 99847775
          },
          "layer": "F.Fab",
          "position": {
            "x": 145769599,
            "y": 99022775
          },
          "shape": 1,
          "start": {
            "x": 145769599,
            "y": 99022775
          },
          "text": null,
          "type": "PCB_SHAPE",
          "width": 100000
        },
        {
          "angle": null,
          "end": {
            "x": 148049599,
            "y": 100165275
          },
          "layer": "F.Courtyard",
          "position": {
            "x": 145089599,
            "y": 98705275
          },
          "shape": 1,
          "start": {
            "x": 145089599,
            "y": 98705275
          },
          "text": null,
          "type": "PCB_SHAPE",
          "width": 50000
        }
      ],
      "group": "M2.S1",
      "layer": "F.Cu",
      "locked": false,
      "orientation": 0.0,
      "pads": [
        {
          "layer": "F.Cu",
          "name": "1",
          "position": {
            "x": 145744599,
            "y": 99435275
          }
        },
        {
          "layer": "F.Cu",
          "name": "2",
          "position": {
            "x": 147394599,
            "y": 99435275
          }
        }
      ],
      "position": {
        "x": 146569599,
        "y": 99435275
      },
      "reference": "R5",
      "uuid": "3fc96b9a-c644-5d95-a4ef-7bdd30e38df1",
      "value": "1k"
    }
  ],
  "groups": [
    {
      "bounding_box": {
        "bottom": 100440275,
        "left": 144814599,
        "right": 148324599,
        "top": 95397025
      },
      "drawings": [],
      "footprints": [
        "3fc96b9a-c644-5d95-a4ef-7bdd30e38df1",
        "52e9b52a-8ee8-57b8-aaae-9850e48e7bf4"
      ],
      "locked": false,
      "name": "M2.S1"
    },
    {
      "bounding_box": {
        "bottom": 100465675,
        "left": 148675399,
        "right": 152185400,
        "top": 95422424
      },
      "drawings": [],
      "footprints": [
        "236f4fc1-b492-544a-9953-43695562e82a",
        "d212d4ac-49c7-5746-b003-3bef295ba65d"
      ],
      "locked": false,
      "name": "M2.S2"
    },
    {
      "bounding_box": {
        "bottom": 104633475,
        "left": 139278999,
        "right": 157288999,
        "top": 92553475
      },
      "drawings": [
        {
          "angle": null,
          "end": null,
          "layer": "B.Silkscreen",
          "position": {
            "x": 144558999,
            "y": 101983475
          },
          "shape": null,
          "start": null,
          "text": "WORLD",
          "type": "PCB_TEXT",
          "width": null
        },
        {
          "angle": null,
          "end": null,
          "layer": "F.Silkscreen",
          "position": {
            "x": 144808999,
            "y": 95203475
          },
          "shape": null,
          "start": null,
          "text": "HELLO",
          "type": "PCB_TEXT",
          "width": null
        },
        {
          "angle": null,
          "end": {
            "x": 0,
            "y": 0
          },
          "layer": "F.Silkscreen",
          "position": {
            "x": 142988999,
            "y": 98593475
          },
          "shape": 4,
          "start": {
            "x": 0,
            "y": 0
          },
          "text": null,
          "type": "PCB_SHAPE",
          "width": 100000
        },
        {
          "angle": null,
          "end": {
            "x": 142988999,
            "y": 98593475
          },
          "layer": "F.Silkscreen",
          "position": {
            "x": 139578999,
            "y": 98593475
          },
          "shape": 5,
          "start": {
            "x": 139578999,
            "y": 98593475
          },
          "text": null,
          "type": "PCB_SHAPE",
          "width": 100000
        },
        {
          "angle": null,
          "end": {
            "x": 142988999,
            "y": 98593475
          },
          "layer": "F.Silkscreen",
          "position": {
            "x": 139578999,
            "y": 98593475
          },
          "shape": 5,
          "start": {
            "x": 139578999,
            "y": 98593475
          },
          "text": null,
          "type": "PCB_SHAPE",
          "width": 100000
        },
        {
          "angle": null,
          "end": {
            "x": 143488999,
            "y": 101593475
          },
          "layer": "F.Silkscreen",
          "position": {
            "x": 142988999,
            "y": 101593475
          },
          "shape": 3,
          "start": {
            "x": 142988999,
            "y": 101593475
          },
          "text": null,
          "type": "PCB_SHAPE",
          "width": 100000
        },
        {
          "angle": null,
          "end": {
            "x": 143488999,
            "y": 95593475
          },
          "layer": "F.Silkscreen",
          "position": {
            "x": 142988999,
            "y": 95593475
          },
          "shape": 3,
          "start": {
            "x": 142988999,
            "y": 95593475
          },
          "text": null,
          "type": "PCB_SHAPE",
          "width": 100000
        },
        {
          "angle": null,
          "end": {
            "x": 153988999,
            "y": 101593475
          },
          "layer": "F.Silkscreen",
          "position": {
            "x": 142988999,
            "y": 95593475
          },
          "shape": 1,
          "start": {
            "x": 142988999,
            "y": 95593475
          },
          "text": null,
          "type": "PCB_SHAPE",
          "width": 100000
        },
        {
          "angle": null,
          "end": {
            "x": 153988999,
            "y": 101593475
          },
          "layer": "F.Silkscreen",
          "position": {
            "x": 153988999,
            "y": 98593475
          },
          "shape": 2,
          "start": {
            "x": 153988999,
            "y": 95593475
          },
          "text": null,
          "type": "PCB_SHAPE",
          "width": 100000
        },
        {
          "angle": null,
          "end": {
            "x": 155488999,
            "y": 98593475
          },
          "layer": "F.Silkscreen",
          "position": {
            "x": 153988999,
            "y": 98593475
          },
          "shape": 3,
          "start": {
            "x": 153988999,
            "y": 98593475
          },
          "text": null,
          "type": "PCB_SHAPE",
          "width": 100000
        }
      ],
      "footprints": [],
      "locked": false,
      "name": "M2"
    },
    {
      "bounding_box": {
        "bottom": 107508925,
        "left": 144814599,
        "right": 148324599,
        "top": 102465675
      },
      "drawings": [],
      "footprints": [
        "1d146745-5b55-5f19-893d-d0d28a54fd44",
        "ddec4d68-9d73-5132-8c65-3358aededaf4"
      ],
      "locked": false,
      "name": "M1.S1"
    },
    {
      "bounding_box": {
        "bottom": 107534325,
        "left": 148675399,
        "right": 152185400,
        "top": 102491074
      },
      "drawings": [],
      "footprints": [
        "9f22453f-b778-530d-93c9-41a65ea41bea",
        "a77a12a1-f17a-57cb-9833-16d4354dd9ac"
      ],
      "locked": false,
      "name": "M1.S2"
    },
    {
      "bounding_box": {
        "bottom": 111702125,
        "left": 139278999,
        "right": 157288999,
        "top": 99622125
      },
      "drawings": [
        {
          "angle": null,
          "end": null,
          "layer": "B.Silkscreen",
          "position": {
            "x": 144558999,
            "y": 109052125
          },
          "shape": null,
          "start": null,
          "text": "WORLD",
          "type": "PCB_TEXT",
          "width": null
        },
        {
          "angle": null,
          "end": null,
          "layer": "F.Silkscreen",
          "position": {
            "x": 144808999,
            "y": 102272125
          },
          "shape": null,
          "start": null,
          "text": "HELLO",
          "type": "PCB_TEXT",
          "width": null
        },
        {
          "angle": null,
          "end": {
            "x": 0,
            "y": 0
          },
          "layer": "F.Silkscreen",
          "position": {
            "x": 142988999,
            "y": 105662125
          },
          "shape": 4,
          "start": {
            "x": 0,
            "y": 0
          },
          "text": null,
          "type": "PCB_SHAPE",
          "width": 100000
        },
        {
          "angle": null,
          "end": {
            "x": 142988999,
            "y": 105662125
          },
          "layer": "F.Silkscreen",
          "position": {
            "x": 139578999,
            "y": 105662125
          },
          "shape": 5,
          "start": {
            "x": 139578999,
            "y": 105662125
          },
          "text": null,
          "type": "PCB_SHAPE",
          "width": 100000
        },
        {
          "angle": null,
          "end": {
            "x": 142988999,
            "y": 105662125
          },
          "layer": "F.Silkscreen",
          "position": {
            "x": 139578999,
            "y": 105662125
          },
          "shape": 5,
          "start": {
            "x": 139578999,
            "y": 105662125
          },
          "text": null,
          "type": "PCB_SHAPE",
          "width": 100000
        },
        {
          "angle": null,
          "end": {
            "x": 143488999,
            "y": 102662125
          },
          "layer": "F.Silkscreen",
          "position": {
            "x": 142988999,
            "y": 102662125
          },
          "shape": 3,
          "start": {
            "x": 142988999,
            "y": 102662125
          },
          "text": null,
          "type": "PCB_SHAPE",
          "width": 100000
        },
        {
          "angle": null,
          "end": {
            "x": 143488999,
            "y": 108662125
          },
          "layer": "F.Silkscreen",
          "position": {
            "x": 142988999,
            "y": 108662125
          },
          "shape": 3,
          "start": {
            "x": 142988999,
            "y": 108662125
          },
          "text": null,
          "type": "PCB_SHAPE",
          "width": 100000
        },
        {
          "angle": null,
          "end": {
            "x": 153988999,
            "y": 108662125
          },
          "layer": "F.Silkscreen",
          "position": {
            "x": 142988999,
            "y": 102662125
          },
          "shape": 1,
          "start": {
            "x": 142988999,
            "y": 102662125
          },
          "text": null,
          "type": "PCB_SHAPE",
          "width": 100000
        },
        {
          "angle": null,
          "end": {
            "x": 153988999,
            "y": 108662125
          },
          "layer": "F.Silkscreen",
          "position": {
            "x": 153988999,
            "y": 105662125
          },
          "shape": 2,
          "start": {
            "x": 153988999,
            "y": 102662125
          },
          "text": null,
          "type": "PCB_SHAPE",
          "width": 100000
        },
        {
          "angle": null,
          "end": {
            "x": 155488999,
            "y": 105662125
          },
          "layer": "F.Silkscreen",
          "position": {
            "x": 153988999,
            "y": 105662125
          },
          "shape": 3,
          "start": {
            "x": 153988999,
            "y": 105662125
          },
          "text": null,
          "type": "PCB_SHAPE",
          "width": 100000
        }
      ],
      "footprints": [],
      "locked": false,
      "name": "M1"
    }
  ],
  "tracks": [
    {
      "end": {
        "x": 145744599,
        "y": 100439075
      },
      "layer": "F.Cu",
      "locked": false,
      "net_name": "BOARD_P3",
      "start": {
        "x": 145744599,
        "y": 99435275
      },
      "width": 200000
    },
    {
      "end": {
        "x": 145744599,
        "y": 103976525
      },
      "layer": "F.Cu",
      "locked": false,
      "net_name": "BOARD_P1",
      "start": {
        "x": 145744599,
        "y": 104993925
      },
      "width": 200000
    },
    {
      "end": {
        "x": 145744599,
        "y": 106503925
      },
      "layer": "F.Cu",
      "locked": false,
      "net_name": "BOARD_P1",
      "start": {
        "x": 145744599,
        "y": 104993925
      },
      "width": 200000
    },
    {
      "end": {
        "x": 145744599,
        "y": 107507725
      },
      "layer": "F.Cu",
      "locked": false,
      "net_name": "BOARD_P1",
      "start": {
        "x": 145744599,
        "y": 106503925
      },
      "width": 200000
    },
    {
      "end": {
        "x": 145744599,
        "y": 96907875
      },
      "layer": "F.Cu",
      "locked": false,
      "net_name": "BOARD_P3",
      "start": {
        "x": 145744599,
        "y": 97925275
      },
      "width": 200000
    },
    {
      "end": {
        "x": 145744599,
        "y": 99435275
      },
      "layer": "F.Cu",
      "locked": false,
      "net_name": "BOARD_P3",
      "start": {
        "x": 145744599,
        "y": 97925275
      },
      "width": 200000
    },
    {
      "end": {
        "x": 146028999,
        "y": 103692125
      },
      "layer": "F.Cu",
      "locked": false,
      "net_name": "BOARD_P1",
      "start": {
        "x": 145744599,
        "y": 103976525
      },
      "width": 200000
    },
    {
      "end": {
        "x": 146028999,
        "y": 96623475
      },
      "layer": "F.Cu",
      "locked": false,
      "net_name": "BOARD_P3",
      "start": {
        "x": 145744599,
        "y": 96907875
      },
      "width": 200000
    },
    {
      "end": {
        "x": 146428999,
        "y": 101123475
      },
      "layer": "F.Cu",
      "locked": false,
      "net_name": "BOARD_P3",
      "start": {
        "x": 145744599,
        "y": 100439075
      },
      "width": 200000
    },
    {
      "end": {
        "x": 146428999,
        "y": 103292125
      },
      "layer": "F.Cu",
      "locked": false,
      "net_name": "BOARD_P1",
      "start": {
        "x": 146028999,
        "y": 103692125
      },
      "width": 200000
    },
    {
      "end": {
        "x": 146428999,
        "y": 108192125
      },
      "layer": "F.Cu",
      "locked": false,
      "net_name": "BOARD_P1",
      "start": {
        "x": 145744599,
        "y": 107507725
      },
      "width": 200000
    },
    {
      "end": {
        "x": 146428999,
        "y": 96223475
      },
      "layer": "F.Cu",
      "locked": false,
      "net_name": "BOARD_P3",
      "start": {
        "x": 146028999,
        "y": 96623475
      },
      "width": 200000
    },
    {
      "end": {
        "x": 148417199,
        "y": 106503925
      },
      "layer": "F.Cu",
      "locked": false,
      "net_name": "BOARD_P2",
      "start": {
        "x": 147394599,
        "y": 106503925
      },
      "width": 200000
    },
    {
      "end": {
        "x": 148417199,
        "y": 99435275
      },
      "layer": "F.Cu",
      "locked": false,
      "net_name": "BOARD_P4",
      "start": {
        "x": 147394599,
        "y": 99435275
      },
      "width": 200000
    },
    {
      "end": {
        "x": 148428999,
        "y": 101123475
      },
      "layer": "F.Cu",
      "locked": false,
      "net_name": "BOARD_P3",
      "start": {
        "x": 146428999,
        "y": 101123475
      },
      "width": 200000
    },
    {
      "end": {
        "x": 148428999,
        "y": 106492125
      },
      "layer": "F.Cu",
      "locked": false,
      "net_name": "BOARD_P2",
      "start": {
        "x": 148417199,
        "y": 106503925
      },
      "width": 200000
    },
    {
      "end": {
        "x": 148428999,
        "y": 108192125
      },
      "layer": "F.Cu",
      "locked": false,
      "net_name": "BOARD_P1",
      "start": {
        "x": 146428999,
        "y": 108192125
      },
      "width": 200000
    },
    {
      "end": {
        "x": 148428999,
        "y": 99423475
      },
      "layer": "F.Cu",
      "locked": false,
      "net_name": "BOARD_P4",
      "start": {
        "x": 148417199,
        "y": 99435275
      },
      "width": 200000
    },
    {
      "end": {
        "x": 148527199,
        "y": 104993925
      },
      "layer": "F.Cu",
      "locked": false,
      "net_name": "BOARD_P2",
      "start": {
        "x": 147394599,
        "y": 104993925
      },
      "width": 200000
    },
    {
      "end": {
        "x": 148527199,
        "y": 97925275
      },
      "layer": "F.Cu",
      "locked": false,
      "net_name": "BOARD_P4",
      "start": {
        "x": 147394599,
        "y": 97925275
      },
      "width": 200000
    },
    {
      "end": {
        "x": 148528999,
        "y": 103292125
      },
      "layer": "F.Cu",
      "locked": false,
      "net_name": "BOARD_P1",
      "start": {
        "x": 146428999,
        "y": 103292125
      },
      "width": 200000
    },
    {
      "end": {
        "x": 148528999,
        "y": 104992125
      },
      "layer": "F.Cu",
      "locked": false,
      "net_name": "BOARD_P2",
      "start": {
        "x": 148527199,
        "y": 104993925
      },
      "width": 200000
    },
    {
      "end": {
        "x": 148528999,
        "y": 96223475
      },
      "layer": "F.Cu",
      "locked": false,
      "net_name": "BOARD_P3",
      "start": {
        "x": 146428999,
        "y": 96223475
      },
      "width": 200000
    },
    {
      "end": {
        "x": 148528999,
        "y": 97923475
      },
      "layer": "F.Cu",
      "locked": false,
      "net_name": "BOARD_P4",
      "start": {
        "x": 148527199,
        "y": 97925275
      },
      "width": 200000
    },
    {
      "end": {
        "x": 149568199,
        "y": 106492125
      },
      "layer": "B.Cu",
      "locked": false,
      "net_name": "BOARD_P2",
      "start": {
        "x": 148428999,
        "y": 106492125
      },
      "width": 200000
    },
    {
      "end": {
        "x": 149568199,
        "y": 99423475
      },
      "layer": "B.Cu",
      "locked": false,
      "net_name": "BOARD_P4",
      "start": {
        "x": 148428999,
        "y": 99423475
      },
      "width": 200000
    },
    {
      "end": {
        "x": 149578201,
        "y": 104992125
      },
      "layer": "B.Cu",
      "locked": false,
      "net_name": "BOARD_P2",
      "start": {
        "x": 148528999,
        "y": 104992125
      },
      "width": 200000
    },
    {
      "end": {
        "x": 149578201,
        "y": 97923475
      },
      "layer": "B.Cu",
      "locked": false,
      "net_name": "BOARD_P4",
      "start": {
        "x": 148528999,
        "y": 97923475
      },
      "width": 200000
    },
    {
      "end": {
        "x": 149605399,
        "y": 106529325
      },
      "layer": "B.Cu",
      "locked": false,
      "net_name": "BOARD_P2",
      "start": {
        "x": 149568199,
        "y": 106492125
      },
      "width": 200000
    },
    {
      "end": {
        "x": 149605399,
        "y": 106529325
      },
      "layer": "B.Cu",
      "locked": false,
      "net_name": "BOARD_P2",
      "start": {
        "x": 149605400,
        "y": 105019324
      },
      "width": 200000
    },
    {
      "end": {
        "x": 149605399,
        "y": 99460675
      },
      "layer": "B.Cu",
      "locked": false,
      "net_name": "BOARD_P4",
      "start": {
        "x": 149568199,
        "y": 99423475
      },
      "width": 200000
    },
    {
      "end": {
        "x": 149605399,
        "y": 99460675
      },
      "layer": "B.Cu",
      "locked": false,
      "net_name": "BOARD_P4",
      "start": {
        "x": 149605400,
        "y": 97950674
      },
      "width": 200000
    },
    {
      "end": {
        "x": 149605400,
        "y": 105019324
      },
      "layer": "B.Cu",
      "locked": false,
      "net_name": "BOARD_P2",
      "start": {
        "x": 149578201,
        "y": 104992125
      },
      "width": 200000
    },
    {
      "end": {
        "x": 149605400,
        "y": 97950674
      },
      "layer": "B.Cu",
      "locked": false,
      "net_name": "BOARD_P4",
      "start": {
        "x": 149578201,
        "y": 97923475
      },
      "width": 200000
    },
    {
      "end": {
        "x": 150628999,
        "y": 101123475
      },
      "layer": "B.Cu",
      "locked": false,
      "net_name": "BOARD_P3",
      "start": {
        "x": 148428999,
        "y": 101123475
      },
      "width": 200000
    },
    {
      "end": {
        "x": 150628999,
        "y": 103292125
      },
      "layer": "B.Cu",
      "locked": false,
      "net_name": "BOARD_P1",
      "start": {
        "x": 148528999,
        "y": 103292125
      },
      "width": 200000
    },
    {
      "end": {
        "x": 150628999,
        "y": 108192125
      },
      "layer": "B.Cu",
      "locked": false,
      "net_name": "BOARD_P1",
      "start": {
        "x": 148428999,
        "y": 108192125
      },
      "width": 200000
    },
    {
      "end": {
        "x": 150628999,
        "y": 96223475
      },
      "layer": "B.Cu",
      "locked": false,
      "net_name": "BOARD_P3",
      "start": {
        "x": 148528999,
        "y": 96223475
      },
      "width": 200000
    },
    {
      "end": {
        "x": 151255399,
        "y": 100497075
      },
      "layer": "B.Cu",
      "locked": false,
      "net_name": "BOARD_P3",
      "start": {
        "x": 150628999,
        "y": 101123475
      },
      "width": 200000
    },
    {
      "end": {
        "x": 151255399,
        "y": 106529325
      },
      "layer": "B.Cu",
      "locked": false,
      "net_name": "BOARD_P1",
      "start": {
        "x": 151255399,
        "y": 107565725
      },
      "width": 200000
    },
    {
      "end": {
        "x": 151255399,
        "y": 107565725
      },
      "layer": "B.Cu",
      "locked": false,
      "net_name": "BOARD_P1",
      "start": {
        "x": 150628999,
        "y": 108192125
      },
      "width": 200000
    },
    {
      "end": {
        "x": 151255399,
        "y": 99460675
      },
      "layer": "B.Cu",
      "locked": false,
      "net_name": "BOARD_P3",
      "start": {
        "x": 151255399,
        "y": 100497075
      },
      "width": 200000
    },
    {
      "end": {
        "x": 151255400,
        "y": 103918526
      },
      "layer": "B.Cu",
      "locked": false,
      "net_name": "BOARD_P1",
      "start": {
        "x": 150628999,
        "y": 103292125
      },
      "width": 200000
    },
    {
      "end": {
        "x": 151255400,
        "y": 105019324
      },
      "layer": "B.Cu",
      "locked": false,
      "net_name": "BOARD_P1",
      "start": {
        "x": 151255400,
        "y": 103918526
      },
      "width": 200000
    },
    {
      "end": {
        "x": 151255400,
        "y": 96849876
      },
      "layer": "B.Cu",
      "locked": false,
      "net_name": "BOARD_P3",
      "start": {
        "x": 150628999,
        "y": 96223475
      },
      "width": 200000
    },
    {
      "end": {
        "x": 151255400,
        "y": 97950674
      },
      "layer": "B.Cu",
      "locked": false,
      "net_name": "BOARD_P3",
      "start": {
        "x": 151255400,
        "y": 96849876
      },
      "width": 200000
    }
  ],
  "vias": [
    {
      "diameter": 600000,
      "drill": 300000,
      "locked": false,
      "net_name": "BOARD_P1",
      "position": {
        "x": 148428999,
        "y": 108192125
      },
      "via_type": "through"
    },
    {
      "diameter": 600000,
      "drill": 300000,
      "locked": false,
      "net_name": "BOARD_P1",
      "position": {
        "x": 148528999,
        "y": 103292125
      },
      "via_type": "through"
    },
    {
      "diameter": 600000,
      "drill": 300000,
      "locked": false,
      "net_name": "BOARD_P2",
      "position": {
        "x": 148428999,
        "y": 106492125
      },
      "via_type": "through"
    },
    {
      "diameter": 600000,
      "drill": 300000,
      "locked": false,
      "net_name": "BOARD_P2",
      "position": {
        "x": 148528999,
        "y": 104992125
      },
      "via_type": "through"
    },
    {
      "diameter": 600000,
      "drill": 300000,
      "locked": false,
      "net_name": "BOARD_P3",
      "position": {
        "x": 148428999,
        "y": 101123475
      },
      "via_type": "through"
    },
    {
      "diameter": 600000,
      "drill": 300000,
      "locked": false,
      "net_name": "BOARD_P3",
      "position": {
        "x": 148528999,
        "y": 96223475
      },
      "via_type": "through"
    },
    {
      "diameter": 600000,
      "drill": 300000,
      "locked": false,
      "net_name": "BOARD_P4",
      "position": {
        "x": 148428999,
        "y": 99423475
      },
      "via_type": "through"
    },
    {
      "diameter": 600000,
      "drill": 300000,
      "locked": false,
      "net_name": "BOARD_P4",
      "position": {
        "x": 148528999,
        "y": 97923475
      },
      "via_type": "through"
    }
  ],
  "zones": [
    {
      "filled": true,
      "hatch_style": 2,
      "layer": "F.Cu",
      "locked": false,
      "min_thickness": 100000,
      "name": "",
      "net_name": "BOARD_P2",
      "points": [
        {
          "x": 148988999,
          "y": 103662125
        },
        {
          "x": 148988999,
          "y": 107662125
        },
        {
          "x": 152988999,
          "y": 103662125
        },
        {
          "x": 152988999,
          "y": 107662125
        }
      ],
      "priority": 2
    },
    {
      "filled": true,
      "hatch_style": 2,
      "layer": "F.Cu",
      "locked": false,
      "min_thickness": 100000,
      "name": "",
      "net_name": "BOARD_P4",
      "points": [
        {
          "x": 148988999,
          "y": 100593475
        },
        {
          "x": 148988999,
          "y": 96593475
        },
        {
          "x": 152988999,
          "y": 100593475
        },
        {
          "x": 152988999,
          "y": 96593475
        }
      ],
      "priority": 2
    },
    {
      "filled": true,
      "hatch_style": 2,
      "layer": "F.Cu",
      "locked": false,
      "min_thickness": 250000,
      "name": "",
      "net_name": "BOARD_P1",
      "points": [
        {
          "x": 143988999,
          "y": 103662125
        },
        {
          "x": 143988999,
          "y": 107662125
        },
        {
          "x": 147988999,
          "y": 103662125
        },
        {
          "x": 147988999,
          "y": 107662125
        }
      ],
      "priority": 1
    },
    {
      "filled": true,
      "hatch_style": 2,
      "layer": "F.Cu",
      "locked": false,
      "min_thickness": 250000,
      "name": "",
      "net_name": "BOARD_P3",
      "points": [
        {
          "x": 143988999,
          "y": 100593475
        },
        {
          "x": 143988999,
          "y": 96593475
        },
        {
          "x": 147988999,
          "y": 100593475
        },
        {
          "x": 147988999,
          "y": 96593475
        }
      ],
      "priority": 1
    }
  ]
}
