---
source: crates/pcb-layout/tests/layout_generation.rs
assertion_line: 106
expression: content
---
{
  "footprints": [
    {
      "dnp": false,
      "exclude_from_bom": false,
      "exclude_from_pos_files": false,
      "footprint": "stdlib_kicad-footprints_Capacitor_SMD:C_0603_1608Metric",
      "graphical_items": [
        {
          "angle": null,
          "end": null,
          "layer": "F.Fab",
          "position": {
            "x": 153075000,
            "y": 107530000
          },
          "shape": null,
          "start": null,
          "text": "${REFERENCE}",
          "type": "PCB_TEXT",
          "width": null
        },
        {
          "angle": null,
          "end": {
            "x": 153215580,
            "y": 107020000
          },
          "layer": "F.Silkscreen",
          "position": {
            "x": 152934420,
            "y": 107020000
          },
          "shape": 0,
          "start": {
            "x": 152934420,
            "y": 107020000
          },
          "text": null,
          "type": "PCB_SHAPE",
          "width": 120000
        },
        {
          "angle": null,
          "end": {
            "x": 153215580,
            "y": 108040000
          },
          "layer": "F.Silkscreen",
          "position": {
            "x": 152934420,
            "y": 108040000
          },
          "shape": 0,
          "start": {
            "x": 152934420,
            "y": 108040000
          },
          "text": null,
          "type": "PCB_SHAPE",
          "width": 120000
        },
        {
          "angle": null,
          "end": {
            "x": 153875000,
            "y": 107930000
          },
          "layer": "F.Fab",
          "position": {
            "x": 152275000,
            "y": 107130000
          },
          "shape": 1,
          "start": {
            "x": 152275000,
            "y": 107130000
          },
          "text": null,
          "type": "PCB_SHAPE",
          "width": 100000
        },
        {
          "angle": null,
          "end": {
            "x": 154555000,
            "y": 108260000
          },
          "layer": "F.Courtyard",
          "position": {
            "x": 151595000,
            "y": 106800000
          },
          "shape": 1,
          "start": {
            "x": 151595000,
            "y": 106800000
          },
          "text": null,
          "type": "PCB_SHAPE",
          "width": 50000
        }
      ],
      "group": null,
      "layer": "F.Cu",
      "locked": false,
      "orientation": 0.0,
      "pads": [
        {
          "layer": "F.Cu",
          "name": "1",
          "position": {
            "x": 152300000,
            "y": 107530000
          }
        },
        {
          "layer": "F.Cu",
          "name": "2",
          "position": {
            "x": 153850000,
            "y": 107530000
          }
        }
      ],
      "position": {
        "x": 153075000,
        "y": 107530000
      },
      "reference": "C1",
      "uuid": "f6ada6a0-1b97-5eca-ba0f-f0a5a8afddba",
      "value": "0F"
    },
    {
      "dnp": false,
      "exclude_from_bom": false,
      "exclude_from_pos_files": false,
      "footprint": "stdlib_kicad-footprints_Connector_PinHeader_2.54mm:PinHeader_1x01_P2.54mm_Vertical",
      "graphical_items": [
        {
          "angle": null,
          "end": null,
          "layer": "F.Fab",
          "position": {
            "x": 153365000,
            "y": 110080000
          },
          "shape": null,
          "start": null,
          "text": "${REFERENCE}",
          "type": "PCB_TEXT",
          "width": null
        },
        {
          "angle": null,
          "end": {
            "x": 151985000,
            "y": 108700000
          },
          "layer": "F.Silkscreen",
          "position": {
            "x": 151985000,
            "y": 110080000
          },
          "shape": 0,
          "start": {
            "x": 151985000,
            "y": 110080000
          },
          "text": null,
          "type": "PCB_SHAPE",
          "width": 120000
        },
        {
          "angle": null,
          "end": {
            "x": 151985000,
            "y": 111460000
          },
          "layer": "F.Silkscreen",
          "position": {
            "x": 151985000,
            "y": 111350000
          },
          "shape": 0,
          "start": {
            "x": 151985000,
            "y": 111350000
          },
          "text": null,
          "type": "PCB_SHAPE",
          "width": 120000
        },
        {
          "angle": null,
          "end": {
            "x": 152095000,
            "y": 109445000
          },
          "layer": "F.Fab",
          "position": {
            "x": 152095000,
            "y": 111350000
          },
          "shape": 0,
          "start": {
            "x": 152095000,
            "y": 111350000
          },
          "text": null,
          "type": "PCB_SHAPE",
          "width": 100000
        },
        {
          "angle": null,
          "end": {
            "x": 152095000,
            "y": 111350000
          },
          "layer": "F.Fab",
          "position": {
            "x": 154635000,
            "y": 111350000
          },
          "shape": 0,
          "start": {
            "x": 154635000,
            "y": 111350000
          },
          "text": null,
          "type": "PCB_SHAPE",
          "width": 100000
        },
        {
          "angle": null,
          "end": {
            "x": 152730000,
            "y": 108810000
          },
          "layer": "F.Fab",
          "position": {
            "x": 152095000,
            "y": 109445000
          },
          "shape": 0,
          "start": {
            "x": 152095000,
            "y": 109445000
          },
          "text": null,
          "type": "PCB_SHAPE",
          "width": 100000
        },
        {
          "angle": null,
          "end": {
            "x": 153365000,
            "y": 108700000
          },
          "layer": "F.Silkscreen",
          "position": {
            "x": 151985000,
            "y": 108700000
          },
          "shape": 0,
          "start": {
            "x": 151985000,
            "y": 108700000
          },
          "text": null,
          "type": "PCB_SHAPE",
          "width": 120000
        },
        {
          "angle": null,
          "end": {
            "x": 154635000,
            "y": 108810000
          },
          "layer": "F.Fab",
          "position": {
            "x": 152730000,
            "y": 108810000
          },
          "shape": 0,
          "start": {
            "x": 152730000,
            "y": 108810000
          },
          "text": null,
          "type": "PCB_SHAPE",
          "width": 100000
        },
        {
          "angle": null,
          "end": {
            "x": 154635000,
            "y": 111350000
          },
          "layer": "F.Fab",
          "position": {
            "x": 154635000,
            "y": 108810000
          },
          "shape": 0,
          "start": {
            "x": 154635000,
            "y": 108810000
          },
          "text": null,
          "type": "PCB_SHAPE",
          "width": 100000
        },
        {
          "angle": null,
          "end": {
            "x": 154745000,
            "y": 111350000
          },
          "layer": "F.Silkscreen",
          "position": {
            "x": 151985000,
            "y": 111350000
          },
          "shape": 0,
          "start": {
            "x": 151985000,
            "y": 111350000
          },
          "text": null,
          "type": "PCB_SHAPE",
          "width": 120000
        },
        {
          "angle": null,
          "end": {
            "x": 154745000,
            "y": 111460000
          },
          "layer": "F.Silkscreen",
          "position": {
            "x": 151985000,
            "y": 111460000
          },
          "shape": 0,
          "start": {
            "x": 151985000,
            "y": 111460000
          },
          "text": null,
          "type": "PCB_SHAPE",
          "width": 120000
        },
        {
          "angle": null,
          "end": {
            "x": 154745000,
            "y": 111460000
          },
          "layer": "F.Silkscreen",
          "position": {
            "x": 154745000,
            "y": 111350000
          },
          "shape": 0,
          "start": {
            "x": 154745000,
            "y": 111350000
          },
          "text": null,
          "type": "PCB_SHAPE",
          "width": 120000
        },
        {
          "angle": null,
          "end": {
            "x": 155135000,
            "y": 111850000
          },
          "layer": "F.Courtyard",
          "position": {
            "x": 151595000,
            "y": 108310000
          },
          "shape": 1,
          "start": {
            "x": 151595000,
            "y": 108310000
          },
          "text": null,
          "type": "PCB_SHAPE",
          "width": 50000
        }
      ],
      "group": null,
      "layer": "F.Cu",
      "locked": false,
      "orientation": 0.0,
      "pads": [
        {
          "layer": "F.Cu",
          "name": "1",
          "position": {
            "x": 153365000,
            "y": 110080000
          }
        }
      ],
      "position": {
        "x": 153365000,
        "y": 110080000
      },
      "reference": "U2",
      "uuid": "36c85f89-8191-5cff-96a2-01503cd7115a",
      "value": "?"
    },
    {
      "dnp": false,
      "exclude_from_bom": false,
      "exclude_from_pos_files": false,
      "footprint": "stdlib_kicad-footprints_Connector_PinHeader_2.54mm:PinHeader_2x05_P2.54mm_Vertical",
      "graphical_items": [
        {
          "angle": null,
          "end": null,
          "layer": "F.Fab",
          "position": {
            "x": 148495000,
            "y": 105000000
          },
          "shape": null,
          "start": null,
          "text": "${REFERENCE}",
          "type": "PCB_TEXT",
          "width": null
        },
        {
          "angle": null,
          "end": {
            "x": 145845000,
            "y": 111460000
          },
          "layer": "F.Silkscreen",
          "position": {
            "x": 145845000,
            "y": 101190000
          },
          "shape": 0,
          "start": {
            "x": 145845000,
            "y": 101190000
          },
          "text": null,
          "type": "PCB_SHAPE",
          "width": 120000
        },
        {
          "angle": null,
          "end": {
            "x": 145845000,
            "y": 98540000
          },
          "layer": "F.Silkscreen",
          "position": {
            "x": 145845000,
            "y": 99920000
          },
          "shape": 0,
          "start": {
            "x": 145845000,
            "y": 99920000
          },
          "text": null,
          "type": "PCB_SHAPE",
          "width": 120000
        },
        {
          "angle": null,
          "end": {
            "x": 145955000,
            "y": 111350000
          },
          "layer": "F.Fab",
          "position": {
            "x": 151035000,
            "y": 111350000
          },
          "shape": 0,
          "start": {
            "x": 151035000,
            "y": 111350000
          },
          "text": null,
          "type": "PCB_SHAPE",
          "width": 100000
        },
        {
          "angle": null,
          "end": {
            "x": 145955000,
            "y": 99920000
          },
          "layer": "F.Fab",
          "position": {
            "x": 145955000,
            "y": 111350000
          },
          "shape": 0,
          "start": {
            "x": 145955000,
            "y": 111350000
          },
          "text": null,
          "type": "PCB_SHAPE",
          "width": 100000
        },
        {
          "angle": null,
          "end": {
            "x": 147225000,
            "y": 98540000
          },
          "layer": "F.Silkscreen",
          "position": {
            "x": 145845000,
            "y": 98540000
          },
          "shape": 0,
          "start": {
            "x": 145845000,
            "y": 98540000
          },
          "text": null,
          "type": "PCB_SHAPE",
          "width": 120000
        },
        {
          "angle": null,
          "end": {
            "x": 147225000,
            "y": 98650000
          },
          "layer": "F.Fab",
          "position": {
            "x": 145955000,
            "y": 99920000
          },
          "shape": 0,
          "start": {
            "x": 145955000,
            "y": 99920000
          },
          "text": null,
          "type": "PCB_SHAPE",
          "width": 100000
        },
        {
          "angle": null,
          "end": {
            "x": 148495000,
            "y": 101190000
          },
          "layer": "F.Silkscreen",
          "position": {
            "x": 145845000,
            "y": 101190000
          },
          "shape": 0,
          "start": {
            "x": 145845000,
            "y": 101190000
          },
          "text": null,
          "type": "PCB_SHAPE",
          "width": 120000
        },
        {
          "angle": null,
          "end": {
            "x": 148495000,
            "y": 98540000
          },
          "layer": "F.Silkscreen",
          "position": {
            "x": 148495000,
            "y": 101190000
          },
          "shape": 0,
          "start": {
            "x": 148495000,
            "y": 101190000
          },
          "text": null,
          "type": "PCB_SHAPE",
          "width": 120000
        },
        {
          "angle": null,
          "end": {
            "x": 151035000,
            "y": 111350000
          },
          "layer": "F.Fab",
          "position": {
            "x": 151035000,
            "y": 98650000
          },
          "shape": 0,
          "start": {
            "x": 151035000,
            "y": 98650000
          },
          "text": null,
          "type": "PCB_SHAPE",
          "width": 100000
        },
        {
          "angle": null,
          "end": {
            "x": 151035000,
            "y": 98650000
          },
          "layer": "F.Fab",
          "position": {
            "x": 147225000,
            "y": 98650000
          },
          "shape": 0,
          "start": {
            "x": 147225000,
            "y": 98650000
          },
          "text": null,
          "type": "PCB_SHAPE",
          "width": 100000
        },
        {
          "angle": null,
          "end": {
            "x": 151145000,
            "y": 111460000
          },
          "layer": "F.Silkscreen",
          "position": {
            "x": 145845000,
            "y": 111460000
          },
          "shape": 0,
          "start": {
            "x": 145845000,
            "y": 111460000
          },
          "text": null,
          "type": "PCB_SHAPE",
          "width": 120000
        },
        {
          "angle": null,
          "end": {
            "x": 151145000,
            "y": 111460000
          },
          "layer": "F.Silkscreen",
          "position": {
            "x": 151145000,
            "y": 98540000
          },
          "shape": 0,
          "start": {
            "x": 151145000,
            "y": 98540000
          },
          "text": null,
          "type": "PCB_SHAPE",
          "width": 120000
        },
        {
          "angle": null,
          "end": {
            "x": 151145000,
            "y": 98540000
          },
          "layer": "F.Silkscreen",
          "position": {
            "x": 148495000,
            "y": 98540000
          },
          "shape": 0,
          "start": {
            "x": 148495000,
            "y": 98540000
          },
          "text": null,
          "type": "PCB_SHAPE",
          "width": 120000
        },
        {
          "angle": null,
          "end": {
            "x": 151545000,
            "y": 111850000
          },
          "layer": "F.Courtyard",
          "position": {
            "x": 145455000,
            "y": 98150000
          },
          "shape": 1,
          "start": {
            "x": 145455000,
            "y": 98150000
          },
          "text": null,
          "type": "PCB_SHAPE",
          "width": 50000
        }
      ],
      "group": null,
      "layer": "F.Cu",
      "locked": false,
      "orientation": 0.0,
      "pads": [
        {
          "layer": "F.Cu",
          "name": "1",
          "position": {
            "x": 147225000,
            "y": 99920000
          }
        },
        {
          "layer": "F.Cu",
          "name": "10",
          "position": {
            "x": 149765000,
            "y": 110080000
          }
        },
        {
          "layer": "F.Cu",
          "name": "2",
          "position": {
            "x": 149765000,
            "y": 99920000
          }
        },
        {
          "layer": "F.Cu",
          "name": "3",
          "position": {
            "x": 147225000,
            "y": 102460000
          }
        },
        {
          "layer": "F.Cu",
          "name": "4",
          "position": {
            "x": 149765000,
            "y": 102460000
          }
        },
        {
          "layer": "F.Cu",
          "name": "5",
          "position": {
            "x": 147225000,
            "y": 105000000
          }
        },
        {
          "layer": "F.Cu",
          "name": "6",
          "position": {
            "x": 149765000,
            "y": 105000000
          }
        },
        {
          "layer": "F.Cu",
          "name": "7",
          "position": {
            "x": 147225000,
            "y": 107540000
          }
        },
        {
          "layer": "F.Cu",
          "name": "8",
          "position": {
            "x": 149765000,
            "y": 107540000
          }
        },
        {
          "layer": "F.Cu",
          "name": "9",
          "position": {
            "x": 147225000,
            "y": 110080000
          }
        }
      ],
      "position": {
        "x": 147225000,
        "y": 99920000
      },
      "reference": "U1",
      "uuid": "bb9170a7-68d4-539c-bed9-f036cbc8d7db",
      "value": "?"
    },
    {
      "dnp": false,
      "exclude_from_bom": false,
      "exclude_from_pos_files": false,
      "footprint": "stdlib_kicad-footprints_Resistor_SMD:R_0603_1608Metric",
      "graphical_items": [
        {
          "angle": null,
          "end": null,
          "layer": "F.Fab",
          "position": {
            "x": 156665000,
            "y": 111120000
          },
          "shape": null,
          "start": null,
          "text": "${REFERENCE}",
          "type": "PCB_TEXT",
          "width": null
        },
        {
          "angle": null,
          "end": {
            "x": 156902258,
            "y": 110597500
          },
          "layer": "F.Silkscreen",
          "position": {
            "x": 156427742,
            "y": 110597500
          },
          "shape": 0,
          "start": {
            "x": 156427742,
            "y": 110597500
          },
          "text": null,
          "type": "PCB_SHAPE",
          "width": 120000
        },
        {
          "angle": null,
          "end": {
            "x": 156902258,
            "y": 111642500
          },
          "layer": "F.Silkscreen",
          "position": {
            "x": 156427742,
            "y": 111642500
          },
          "shape": 0,
          "start": {
            "x": 156427742,
            "y": 111642500
          },
          "text": null,
          "type": "PCB_SHAPE",
          "width": 120000
        },
        {
          "angle": null,
          "end": {
            "x": 157465000,
            "y": 111532500
          },
          "layer": "F.Fab",
          "position": {
            "x": 155865000,
            "y": 110707500
          },
          "shape": 1,
          "start": {
            "x": 155865000,
            "y": 110707500
          },
          "text": null,
          "type": "PCB_SHAPE",
          "width": 100000
        },
        {
          "angle": null,
          "end": {
            "x": 158145000,
            "y": 111850000
          },
          "layer": "F.Courtyard",
          "position": {
            "x": 155185000,
            "y": 110390000
          },
          "shape": 1,
          "start": {
            "x": 155185000,
            "y": 110390000
          },
          "text": null,
          "type": "PCB_SHAPE",
          "width": 50000
        }
      ],
      "group": null,
      "layer": "F.Cu",
      "locked": false,
      "orientation": 0.0,
      "pads": [
        {
          "layer": "F.Cu",
          "name": "1",
          "position": {
            "x": 155840000,
            "y": 111120000
          }
        },
        {
          "layer": "F.Cu",
          "name": "2",
          "position": {
            "x": 157490000,
            "y": 111120000
          }
        }
      ],
      "position": {
        "x": 156665000,
        "y": 111120000
      },
      "reference": "R1",
      "uuid": "270f828b-577e-55c4-9b64-971cae05ccae",
      "value": "0"
    }
  ],
  "groups": [],
  "tracks": [],
  "vias": [],
  "zones": []
}
