---
source: crates/pcb-layout/tests/layout_generation.rs
expression: content
---
{
  "footprints": [
    {
      "dnp": false,
      "exclude_from_bom": false,
      "exclude_from_pos_files": false,
      "footprint": "stdlib_kicad-footprints_Capacitor_SMD:C_0402_1005Metric",
      "graphical_items": [
        {
          "angle": null,
          "end": null,
          "layer": "F.Fab",
          "position": {
            "x": 147930000,
            "y": 104245000
          },
          "shape": null,
          "start": null,
          "text": "${REFERENCE}",
          "type": "PCB_TEXT",
          "width": null
        },
        {
          "angle": null,
          "end": {
            "x": 148037836,
            "y": 103885000
          },
          "layer": "F.Silkscreen",
          "position": {
            "x": 147822164,
            "y": 103885000
          },
          "shape": 0,
          "start": {
            "x": 147822164,
            "y": 103885000
          },
          "text": null,
          "type": "PCB_SHAPE",
          "width": 120000
        },
        {
          "angle": null,
          "end": {
            "x": 148037836,
            "y": 104605000
          },
          "layer": "F.Silkscreen",
          "position": {
            "x": 147822164,
            "y": 104605000
          },
          "shape": 0,
          "start": {
            "x": 147822164,
            "y": 104605000
          },
          "text": null,
          "type": "PCB_SHAPE",
          "width": 120000
        },
        {
          "angle": null,
          "end": {
            "x": 148430000,
            "y": 104495000
          },
          "layer": "F.Fab",
          "position": {
            "x": 147430000,
            "y": 103995000
          },
          "shape": 1,
          "start": {
            "x": 147430000,
            "y": 103995000
          },
          "text": null,
          "type": "PCB_SHAPE",
          "width": 100000
        },
        {
          "angle": null,
          "end": {
            "x": 148840000,
            "y": 104705000
          },
          "layer": "F.Courtyard",
          "position": {
            "x": 147020000,
            "y": 103785000
          },
          "shape": 1,
          "start": {
            "x": 147020000,
            "y": 103785000
          },
          "text": null,
          "type": "PCB_SHAPE",
          "width": 50000
        }
      ],
      "group": "MODULE1",
      "layer": "F.Cu",
      "locked": false,
      "orientation": 0.0,
      "pads": [
        {
          "layer": "F.Cu",
          "name": "1",
          "position": {
            "x": 147450000,
            "y": 104245000
          }
        },
        {
          "layer": "F.Cu",
          "name": "2",
          "position": {
            "x": 148410000,
            "y": 104245000
          }
        }
      ],
      "position": {
        "x": 147930000,
        "y": 104245000
      },
      "reference": "C1",
      "uuid": "501479b6-11f1-5dcd-80dd-6e36914d9845",
      "value": "0F"
    },
    {
      "dnp": false,
      "exclude_from_bom": false,
      "exclude_from_pos_files": false,
      "footprint": "stdlib_kicad-footprints_Capacitor_SMD:C_0402_1005Metric",
      "graphical_items": [
        {
          "angle": null,
          "end": null,
          "layer": "F.Fab",
          "position": {
            "x": 147930000,
            "y": 99765000
          },
          "shape": null,
          "start": null,
          "text": "${REFERENCE}",
          "type": "PCB_TEXT",
          "width": null
        },
        {
          "angle": null,
          "end": {
            "x": 148037836,
            "y": 100125000
          },
          "layer": "F.Silkscreen",
          "position": {
            "x": 147822164,
            "y": 100125000
          },
          "shape": 0,
          "start": {
            "x": 147822164,
            "y": 100125000
          },
          "text": null,
          "type": "PCB_SHAPE",
          "width": 120000
        },
        {
          "angle": null,
          "end": {
            "x": 148037836,
            "y": 99405000
          },
          "layer": "F.Silkscreen",
          "position": {
            "x": 147822164,
            "y": 99405000
          },
          "shape": 0,
          "start": {
            "x": 147822164,
            "y": 99405000
          },
          "text": null,
          "type": "PCB_SHAPE",
          "width": 120000
        },
        {
          "angle": null,
          "end": {
            "x": 148430000,
            "y": 100015000
          },
          "layer": "F.Fab",
          "position": {
            "x": 147430000,
            "y": 99515000
          },
          "shape": 1,
          "start": {
            "x": 147430000,
            "y": 99515000
          },
          "text": null,
          "type": "PCB_SHAPE",
          "width": 100000
        },
        {
          "angle": null,
          "end": {
            "x": 148840000,
            "y": 100225000
          },
          "layer": "F.Courtyard",
          "position": {
            "x": 147020000,
            "y": 99305000
          },
          "shape": 1,
          "start": {
            "x": 147020000,
            "y": 99305000
          },
          "text": null,
          "type": "PCB_SHAPE",
          "width": 50000
        }
      ],
      "group": "MODULE2",
      "layer": "F.Cu",
      "locked": false,
      "orientation": 0.0,
      "pads": [
        {
          "layer": "F.Cu",
          "name": "1",
          "position": {
            "x": 147450000,
            "y": 99765000
          }
        },
        {
          "layer": "F.Cu",
          "name": "2",
          "position": {
            "x": 148410000,
            "y": 99765000
          }
        }
      ],
      "position": {
        "x": 147930000,
        "y": 99765000
      },
      "reference": "C3",
      "uuid": "ef130123-aa9a-5a2c-83ea-87b77fda62a6",
      "value": "0F"
    },
    {
      "dnp": false,
      "exclude_from_bom": false,
      "exclude_from_pos_files": false,
      "footprint": "stdlib_kicad-footprints_Capacitor_SMD:C_0603_1608Metric",
      "graphical_items": [
        {
          "angle": null,
          "end": null,
          "layer": "F.Fab",
          "position": {
            "x": 148500000,
            "y": 101005000
          },
          "shape": null,
          "start": null,
          "text": "${REFERENCE}",
          "type": "PCB_TEXT",
          "width": null
        },
        {
          "angle": null,
          "end": {
            "x": 148640580,
            "y": 100495000
          },
          "layer": "F.Silkscreen",
          "position": {
            "x": 148359420,
            "y": 100495000
          },
          "shape": 0,
          "start": {
            "x": 148359420,
            "y": 100495000
          },
          "text": null,
          "type": "PCB_SHAPE",
          "width": 120000
        },
        {
          "angle": null,
          "end": {
            "x": 148640580,
            "y": 101515000
          },
          "layer": "F.Silkscreen",
          "position": {
            "x": 148359420,
            "y": 101515000
          },
          "shape": 0,
          "start": {
            "x": 148359420,
            "y": 101515000
          },
          "text": null,
          "type": "PCB_SHAPE",
          "width": 120000
        },
        {
          "angle": null,
          "end": {
            "x": 149300000,
            "y": 101405000
          },
          "layer": "F.Fab",
          "position": {
            "x": 147700000,
            "y": 100605000
          },
          "shape": 1,
          "start": {
            "x": 147700000,
            "y": 100605000
          },
          "text": null,
          "type": "PCB_SHAPE",
          "width": 100000
        },
        {
          "angle": null,
          "end": {
            "x": 149980000,
            "y": 101735000
          },
          "layer": "F.Courtyard",
          "position": {
            "x": 147020000,
            "y": 100275000
          },
          "shape": 1,
          "start": {
            "x": 147020000,
            "y": 100275000
          },
          "text": null,
          "type": "PCB_SHAPE",
          "width": 50000
        }
      ],
      "group": "MODULE2",
      "layer": "F.Cu",
      "locked": false,
      "orientation": 0.0,
      "pads": [
        {
          "layer": "F.Cu",
          "name": "1",
          "position": {
            "x": 147725000,
            "y": 101005000
          }
        },
        {
          "layer": "F.Cu",
          "name": "2",
          "position": {
            "x": 149275000,
            "y": 101005000
          }
        }
      ],
      "position": {
        "x": 148500000,
        "y": 101005000
      },
      "reference": "C4",
      "uuid": "a9a3cb20-d570-5a6d-b3fb-397529fe57d7",
      "value": "0F"
    },
    {
      "dnp": false,
      "exclude_from_bom": false,
      "exclude_from_pos_files": false,
      "footprint": "stdlib_kicad-footprints_Capacitor_SMD:C_0603_1608Metric",
      "graphical_items": [
        {
          "angle": null,
          "end": null,
          "layer": "F.Fab",
          "position": {
            "x": 148500000,
            "y": 105485000
          },
          "shape": null,
          "start": null,
          "text": "${REFERENCE}",
          "type": "PCB_TEXT",
          "width": null
        },
        {
          "angle": null,
          "end": {
            "x": 148640580,
            "y": 104975000
          },
          "layer": "F.Silkscreen",
          "position": {
            "x": 148359420,
            "y": 104975000
          },
          "shape": 0,
          "start": {
            "x": 148359420,
            "y": 104975000
          },
          "text": null,
          "type": "PCB_SHAPE",
          "width": 120000
        },
        {
          "angle": null,
          "end": {
            "x": 148640580,
            "y": 105995000
          },
          "layer": "F.Silkscreen",
          "position": {
            "x": 148359420,
            "y": 105995000
          },
          "shape": 0,
          "start": {
            "x": 148359420,
            "y": 105995000
          },
          "text": null,
          "type": "PCB_SHAPE",
          "width": 120000
        },
        {
          "angle": null,
          "end": {
            "x": 149300000,
            "y": 105885000
          },
          "layer": "F.Fab",
          "position": {
            "x": 147700000,
            "y": 105085000
          },
          "shape": 1,
          "start": {
            "x": 147700000,
            "y": 105085000
          },
          "text": null,
          "type": "PCB_SHAPE",
          "width": 100000
        },
        {
          "angle": null,
          "end": {
            "x": 149980000,
            "y": 106215000
          },
          "layer": "F.Courtyard",
          "position": {
            "x": 147020000,
            "y": 104755000
          },
          "shape": 1,
          "start": {
            "x": 147020000,
            "y": 104755000
          },
          "text": null,
          "type": "PCB_SHAPE",
          "width": 50000
        }
      ],
      "group": "MODULE1",
      "layer": "F.Cu",
      "locked": false,
      "orientation": 0.0,
      "pads": [
        {
          "layer": "F.Cu",
          "name": "1",
          "position": {
            "x": 147725000,
            "y": 105485000
          }
        },
        {
          "layer": "F.Cu",
          "name": "2",
          "position": {
            "x": 149275000,
            "y": 105485000
          }
        }
      ],
      "position": {
        "x": 148500000,
        "y": 105485000
      },
      "reference": "C2",
      "uuid": "7bb5c8c4-7322-5347-8f94-bf52be6f1e6b",
      "value": "0F"
    }
  ],
  "groups": [
    {
      "bounding_box": {
        "bottom": 102010000,
        "left": 146578810,
        "right": 150255000,
        "top": 97506750
      },
      "drawings": [],
      "footprints": [
        "a9a3cb20-d570-5a6d-b3fb-397529fe57d7",
        "ef130123-aa9a-5a2c-83ea-87b77fda62a6"
      ],
      "locked": false,
      "name": "MODULE2"
    },
    {
      "bounding_box": {
        "bottom": 106490000,
        "left": 146578810,
        "right": 150255000,
        "top": 101986750
      },
      "drawings": [],
      "footprints": [
        "501479b6-11f1-5dcd-80dd-6e36914d9845",
        "7bb5c8c4-7322-5347-8f94-bf52be6f1e6b"
      ],
      "locked": false,
      "name": "MODULE1"
    }
  ],
  "tracks": [],
  "vias": [],
  "zones": []
}
