---
source: crates/pcb-layout/tests/layout_generation.rs
expression: content
---
INFO: Creating new board file at <TEMP_DIR>
INFO: Parsing JSON netlist from <TEMP_DIR>
DEBUG: Found module MyModule with layout_path: package://workspace/module
DEBUG: Found module MyModule.R1 with layout_path: None
DEBUG: Found module MyModule.R2 with layout_path: None
DEBUG: Found module MyModule.R3 with layout_path: None
DEBUG: Found module MyModule.R4 with layout_path: None
INFO: --------------------------------------------------------------------------------
INFO: Running step: ImportNetlist
INFO: --------------------------------------------------------------------------------
INFO: Starting ImportNetlist...
INFO: Running lens-based netlist sync
INFO: Starting lens-based layout sync
INFO: Source: 4 footprints, 1 groups, 2 nets
INFO: Changes: +4 -0 footprints
INFO: NEW FPV path=MyModule.R1.R ref=R1 value=1k fpid=stdlib_kicad-footprints_Resistor_SMD:R_0603_1608Metric fields=["Package=0603", "Prefix=R", "Resistance=1k", "Type=resistor"]
INFO: NEW FPV path=MyModule.R2.R ref=R2 value=1k fpid=stdlib_kicad-footprints_Resistor_SMD:R_0603_1608Metric fields=["Package=0603", "Prefix=R", "Resistance=1k", "Type=resistor"]
INFO: NEW FPV path=MyModule.R3.R ref=R3 value=1k fpid=stdlib_kicad-footprints_Resistor_SMD:R_0603_1608Metric fields=["Package=0603", "Prefix=R", "Resistance=1k", "Type=resistor"]
INFO: NEW FPV path=MyModule.R4.R ref=R4 value=1k fpid=stdlib_kicad-footprints_Resistor_SMD:R_0603_1608Metric fields=["Package=0603", "Prefix=R", "Resistance=1k", "Type=resistor"]
INFO: NEW GRV path=MyModule members=[MyModule.R1.R, MyModule.R2.R, MyModule.R3.R, MyModule.R4.R] layout=module
INFO: NEW FPC path=MyModule.R1.R x=0 y=0 orient=0.0 layer=F.Cu
INFO: NEW FPC path=MyModule.R2.R x=0 y=0 orient=0.0 layer=F.Cu
INFO: NEW FPC path=MyModule.R3.R x=0 y=0 orient=0.0 layer=F.Cu
INFO: NEW FPC path=MyModule.R4.R x=0 y=0 orient=0.0 layer=F.Cu
INFO: CHANGESET FP_ADD path=MyModule.R1.R ref=R1 fpid=stdlib_kicad-footprints_Resistor_SMD:R_0603_1608Metric value=1k x=0 y=0 layer=F.Cu
INFO: CHANGESET FP_ADD path=MyModule.R2.R ref=R2 fpid=stdlib_kicad-footprints_Resistor_SMD:R_0603_1608Metric value=1k x=0 y=0 layer=F.Cu
INFO: CHANGESET FP_ADD path=MyModule.R3.R ref=R3 fpid=stdlib_kicad-footprints_Resistor_SMD:R_0603_1608Metric value=1k x=0 y=0 layer=F.Cu
INFO: CHANGESET FP_ADD path=MyModule.R4.R ref=R4 fpid=stdlib_kicad-footprints_Resistor_SMD:R_0603_1608Metric value=1k x=0 y=0 layer=F.Cu
INFO: CHANGESET GR_ADD path=MyModule members=4 fragment=true
INFO: Added footprint: MyModule.R1.R
INFO: Added footprint: MyModule.R2.R
INFO: Added footprint: MyModule.R3.R
INFO: Added footprint: MyModule.R4.R
INFO: Added group: MyModule
INFO: Authoritative fragments: ['MyModule']
INFO: HierPlace: placed 5 items
INFO: OPLOG FP_ADD path=MyModule.R1.R ref=R1 fpid=stdlib_kicad-footprints_Resistor_SMD:R_0603_1608Metric value=1k x=0 y=0 layer=F.Cu pads=2
INFO: OPLOG FP_ADD path=MyModule.R2.R ref=R2 fpid=stdlib_kicad-footprints_Resistor_SMD:R_0603_1608Metric value=1k x=0 y=0 layer=F.Cu pads=2
INFO: OPLOG FP_ADD path=MyModule.R3.R ref=R3 fpid=stdlib_kicad-footprints_Resistor_SMD:R_0603_1608Metric value=1k x=0 y=0 layer=F.Cu pads=2
INFO: OPLOG FP_ADD path=MyModule.R4.R ref=R4 fpid=stdlib_kicad-footprints_Resistor_SMD:R_0603_1608Metric value=1k x=0 y=0 layer=F.Cu pads=2
INFO: OPLOG GR_ADD path=MyModule
INFO: OPLOG NET_ADD name=MyModule.P1
INFO: OPLOG NET_ADD name=MyModule.P2
INFO: OPLOG PLACE_FP_FRAGMENT path=MyModule.R1.R x=148500000 y=105755000 fragment_group=MyModule
INFO: OPLOG PLACE_FP_FRAGMENT path=MyModule.R2.R x=148500000 y=104245000 fragment_group=MyModule
INFO: OPLOG PLACE_FP_FRAGMENT path=MyModule.R3.R x=155420000 y=105010000 fragment_group=MyModule
INFO: OPLOG PLACE_FP_FRAGMENT path=MyModule.R4.R x=153910000 y=105010000 fragment_group=MyModule
INFO: OPLOG PLACE_GR path=MyModule x=143910000 y=103487500
INFO: Sync completed in X.XXXs
INFO: Lens sync complete: +4 -0 footprints
INFO: Completed ImportNetlist in X.XXX seconds
INFO: --------------------------------------------------------------------------------
INFO: Running step: FinalizeBoard
INFO: --------------------------------------------------------------------------------
INFO: Starting FinalizeBoard...
INFO: Saved layout snapshot to <TEMP_DIR>
INFO: Snapshot export took X.XXX seconds
INFO: Board saving took X.XXX seconds
INFO: Completed FinalizeBoard in X.XXX seconds
